Archive member included to satisfy reference by file (symbol)

./gen/../tecsrustUART/target/armv7a-none-eabi/release/libitron.a(itron-bd237d22add3b961.itron.ddb412ddd8428b4f-cgu.0.rcgu.o)
                              objs/kernel_cfg.o (tecs_rust_start_r_processor1_symmetric_task1)
./gen/../tecsrustUART/target/armv7a-none-eabi/release/libitron.a(itron-fbcb73bf0b635dd5.itron.68e737fdf62a80e5-cgu.0.rcgu.o)
                              ./gen/../tecsrustUART/target/armv7a-none-eabi/release/libitron.a(itron-bd237d22add3b961.itron.ddb412ddd8428b4f-cgu.0.rcgu.o) (<itron::error::ErrorCode as core::fmt::Debug>::fmt)
./gen/../tecsrustUART/target/armv7a-none-eabi/release/libitron.a(core-d049573bc16596f9.core.5587a85061e7188a-cgu.0.rcgu.o)
                              ./gen/../tecsrustUART/target/armv7a-none-eabi/release/libitron.a(itron-fbcb73bf0b635dd5.itron.68e737fdf62a80e5-cgu.0.rcgu.o) (core::fmt::write)
./gen/../tecsrustUART/target/armv7a-none-eabi/release/libitron.a(compiler_builtins-70f608aea3cde50d.compiler_builtins.5a681add74c93a61-cgu.162.rcgu.o)
                              ./gen/../tecsrustUART/target/armv7a-none-eabi/release/libitron.a(core-d049573bc16596f9.core.5587a85061e7188a-cgu.0.rcgu.o) (__aeabi_memset)
./gen/../tecsrustUART/target/armv7a-none-eabi/release/libitron.a(compiler_builtins-70f608aea3cde50d.compiler_builtins.5a681add74c93a61-cgu.174.rcgu.o)
                              ./gen/../tecsrustUART/target/armv7a-none-eabi/release/libitron.a(core-d049573bc16596f9.core.5587a85061e7188a-cgu.0.rcgu.o) (__aeabi_memcpy4)
./gen/../tecsrustUART/target/armv7a-none-eabi/release/libitron.a(compiler_builtins-70f608aea3cde50d.compiler_builtins.5a681add74c93a61-cgu.178.rcgu.o)
                              ./gen/../tecsrustUART/target/armv7a-none-eabi/release/libitron.a(core-d049573bc16596f9.core.5587a85061e7188a-cgu.0.rcgu.o) (__aeabi_dmul)
./gen/../tecsrustUART/target/armv7a-none-eabi/release/libitron.a(compiler_builtins-70f608aea3cde50d.compiler_builtins.5a681add74c93a61-cgu.180.rcgu.o)
                              ./gen/../tecsrustUART/target/armv7a-none-eabi/release/libitron.a(core-d049573bc16596f9.core.5587a85061e7188a-cgu.0.rcgu.o) (__aeabi_fcmplt)
./gen/../tecsrustUART/target/armv7a-none-eabi/release/libitron.a(compiler_builtins-70f608aea3cde50d.compiler_builtins.5a681add74c93a61-cgu.201.rcgu.o)
                              ./gen/../tecsrustUART/target/armv7a-none-eabi/release/libitron.a(core-d049573bc16596f9.core.5587a85061e7188a-cgu.0.rcgu.o) (__aeabi_memclr4)
./gen/../tecsrustUART/target/armv7a-none-eabi/release/libitron.a(compiler_builtins-70f608aea3cde50d.compiler_builtins.5a681add74c93a61-cgu.206.rcgu.o)
                              ./gen/../tecsrustUART/target/armv7a-none-eabi/release/libitron.a(core-d049573bc16596f9.core.5587a85061e7188a-cgu.0.rcgu.o) (__aeabi_fcmpge)
./gen/../tecsrustUART/target/armv7a-none-eabi/release/libitron.a(compiler_builtins-70f608aea3cde50d.compiler_builtins.5a681add74c93a61-cgu.210.rcgu.o)
                              ./gen/../tecsrustUART/target/armv7a-none-eabi/release/libitron.a(core-d049573bc16596f9.core.5587a85061e7188a-cgu.0.rcgu.o) (__aeabi_f2h)
./gen/../tecsrustUART/target/armv7a-none-eabi/release/libitron.a(compiler_builtins-70f608aea3cde50d.compiler_builtins.5a681add74c93a61-cgu.223.rcgu.o)
                              ./gen/../tecsrustUART/target/armv7a-none-eabi/release/libitron.a(core-d049573bc16596f9.core.5587a85061e7188a-cgu.0.rcgu.o) (__aeabi_memcpy)
./gen/../tecsrustUART/target/armv7a-none-eabi/release/libitron.a(compiler_builtins-70f608aea3cde50d.compiler_builtins.5a681add74c93a61-cgu.253.rcgu.o)
                              ./gen/../tecsrustUART/target/armv7a-none-eabi/release/libitron.a(core-d049573bc16596f9.core.5587a85061e7188a-cgu.0.rcgu.o) (__aeabi_memcpy8)
./gen/../tecsrustUART/target/armv7a-none-eabi/release/libitron.a(compiler_builtins-70f608aea3cde50d.compiler_builtins.5a681add74c93a61-cgu.261.rcgu.o)
                              ./gen/../tecsrustUART/target/armv7a-none-eabi/release/libitron.a(core-d049573bc16596f9.core.5587a85061e7188a-cgu.0.rcgu.o) (__aeabi_dcmplt)
./gen/../tecsrustUART/target/armv7a-none-eabi/release/libitron.a(compiler_builtins-70f608aea3cde50d.compiler_builtins.5a681add74c93a61-cgu.263.rcgu.o)
                              ./gen/../tecsrustUART/target/armv7a-none-eabi/release/libitron.a(core-d049573bc16596f9.core.5587a85061e7188a-cgu.0.rcgu.o) (__aeabi_ddiv)
./gen/../tecsrustUART/target/armv7a-none-eabi/release/libitron.a(compiler_builtins-70f608aea3cde50d.compiler_builtins.5a681add74c93a61-cgu.270.rcgu.o)
                              ./gen/../tecsrustUART/target/armv7a-none-eabi/release/libitron.a(core-d049573bc16596f9.core.5587a85061e7188a-cgu.0.rcgu.o) (__aeabi_ul2d)
./gen/../tecsrustUART/target/armv7a-none-eabi/release/libitron.a(compiler_builtins-70f608aea3cde50d.compiler_builtins.5a681add74c93a61-cgu.283.rcgu.o)
[...]
Memory Configuration

Name             Origin             Length             Attributes
RAM              0x0000000000100000 0x000000001ff00000 xrw
*default*        0x0000000000000000 0xffffffffffffffff

Linker script and memory map

                [!provide]                        PROVIDE (hardware_init_hook = 0x0)
                0x0000000000000000                PROVIDE (software_init_hook = 0x0)
                0x0000000000000000                PROVIDE (software_term_hook = 0x0)

.text           0x0000000000100000    0x31edc
                0x0000000000100000                __start_text = .
 *(.vector)
 .vector        0x0000000000100000       0x3c ./libkernel.a(core_support.o)
                0x0000000000100000                vector_table
                0x0000000000100020                vector_ref_table
 *(.text)
 .text          0x000000000010003c      0x11c objs/start.o
                0x000000000010003c                start
 .text          0x0000000000100158      0x42c objs/log_output.o
                0x0000000000100260                syslog_printf
                0x00000000001004f8                syslog_print
                0x000000000010054c                syslog_lostmsg
 .text          0x0000000000100584      0x2a8 objs/vasyslog.o
                0x0000000000100584                tt_syslog
 .text          0x000000000010082c       0x50 objs/t_perror.o
                0x000000000010082c                tt_perror
 .text          0x000000000010087c       0x24 objs/strerror.o
                0x000000000010087c                itron_strerror
 .text          0x00000000001008a0        0x4 objs/tTask_rProcessor1Migratable_tecsgen.o
                0x00000000001008a0                tTask_CB_initialize
 .text          0x00000000001008a4        0x4 objs/tSemaphore_rProcessor1Migratable_tecsgen.o
                0x00000000001008a4                tSemaphore_CB_initialize
 .text          0x00000000001008a8        0x4 objs/tInterruptRequest_rProcessor1Migratable_tecsgen.o
                0x00000000001008a8                tInterruptRequest_CB_initialize
 .text          0x00000000001008ac        0x4 objs/tISR_rProcessor1Migratable_tecsgen.o
                0x00000000001008ac                tISR_CB_initialize
 .text          0x00000000001008b0        0x4 objs/tTerminateRoutine_rProcessor1Migratable_tecsgen.o
                0x00000000001008b0                tTerminateRoutine_CB_initialize
 .text          0x00000000001008b4       0x50 objs/tSerialPortMain_rProcessor1Migratable_tecsgen.o
                0x00000000001008b4                tSerialPortMain_eSerialPort_open_skel
                0x00000000001008bc                tSerialPortMain_eSerialPort_close_skel
                0x00000000001008c4                tSerialPortMain_eSerialPort_read_skel
                0x00000000001008cc                tSerialPortMain_eSerialPort_write_skel
                0x00000000001008d4                tSerialPortMain_eSerialPort_control_skel
                0x00000000001008dc                tSerialPortMain_eSerialPort_refer_skel
                0x00000000001008e4                tSerialPortMain_CB_initialize
 .text          0x0000000000100904        0x4 objs/tSerialAdapter_rProcessor1Migratable_tecsgen.o
                0x0000000000100904                tSerialAdapter_CB_initialize
 .text          0x0000000000100908       0x38 objs/tSysLog_rProcessor1Migratable_tecsgen.o
                0x0000000000100908                tSysLog_CB_initialize
 .text          0x0000000000100940        0x4 objs/tSysLogAdapter_rProcessor1Migratable_tecsgen.o
                0x0000000000100940                tSysLogAdapter_CB_initialize
 .text          0x0000000000100944        0x8 objs/tLogTaskMain_rProcessor1Migratable_tecsgen.o
                0x0000000000100944                tLogTaskMain_eLogTaskTerminate_main_skel
                0x0000000000100948                tLogTaskMain_CB_initialize
 .text          0x000000000010094c        0x4 objs/tPutLogZyboZ7_rProcessor1Migratable_tecsgen.o
                0x000000000010094c                tPutLogZyboZ7_CB_initialize
 .text          0x0000000000100950       0x20 objs/tXUartPs_rProcessor1Migratable_tecsgen.o
                0x0000000000100950                tXUartPs_eTerminate_main_skel
                0x0000000000100958                tXUartPs_CB_initialize
 .text          0x0000000000100970        0x4 objs/tSIOPortZyboZ7Main_rProcessor1Migratable_tecsgen.o
                0x0000000000100970                tSIOPortZyboZ7Main_CB_initialize
 .text          0x0000000000100974        0x4 objs/tTask.o
                0x0000000000100974                tTask_start
 .text          0x0000000000100978        0x0 objs/tInterruptRequest.o
 .text          0x0000000000100978        0xc objs/tISR.o
                0x0000000000100978                tISR_start
 .text          0x0000000000100984       0x10 objs/tTerminateRoutine.o
                0x0000000000100984                tTerminateRoutine_start
 .text          0x0000000000100994      0x9e8 objs/tSerialPortMain.o
                0x0000000000100abc                tSerialPortMain_eSerialPort_open
                0x0000000000100ba0                tSerialPortMain_eSerialPort_close
                0x0000000000100c78                tSerialPortMain_eSerialPort_write
                0x0000000000100d84                tSerialPortMain_eSerialPort_read
                0x0000000000100fb8                tSerialPortMain_eSerialPort_control
                0x0000000000101008                tSerialPortMain_eSerialPort_refer
                0x0000000000101060                tSerialPortMain_eiSIOCBR_readySend
                0x000000000010112c                tSerialPortMain_eiSIOCBR_readyReceive
                0x0000000000101318                tSerialPortMain_enSerialPortManage_getChar
 .text          0x000000000010137c      0x258 objs/tSerialAdapter.o
                0x000000000010137c                serial_opn_por
                0x00000000001013d8                serial_cls_por
                0x0000000000101434                serial_rea_dat
                0x00000000001014a0                serial_wri_dat
                0x000000000010150c                serial_ctl_por
                0x0000000000101570                serial_ref_por
 .text          0x00000000001015d4      0x2cc objs/tSysLog.o
                0x00000000001015d8                tSysLog_eSysLog_write
                0x00000000001016f0                tSysLog_eSysLog_read
                0x0000000000101790                tSysLog_eSysLog_mask
                0x00000000001017c0                tSysLog_eSysLog_refer
                0x000000000010180c                tSysLog_eSysLog_flush
 .text          0x00000000001018a0       0x14 objs/tSysLogAdapter.o
                0x00000000001018a0                syslog_wri_log
                0x00000000001018a4                syslog_rea_log
                0x00000000001018a8                syslog_msk_log
                0x00000000001018ac                syslog_ref_log
                0x00000000001018b0                syslog_fls_log
 .text          0x00000000001018b4      0x21c objs/tLogTaskMain.o
                0x00000000001018b4                target_fput_log
                0x00000000001018e4                tLogTaskMain_eLogTask_flush
                0x0000000000101990                tLogTaskMain_eLogTaskBody_main
                0x0000000000101a10                tLogTaskMain_eLogTaskTerminate_main
 .text          0x0000000000101ad0       0x74 objs/tPutLogZyboZ7.o
                0x0000000000101ad0                tPutLogZyboZ7_initialize
                0x0000000000101af4                tPutLogZyboZ7_ePutLog_putChar
 .text          0x0000000000101b44      0x1f4 objs/tXUartPs.o
                0x0000000000101b44                tXUartPs_eTerminate_main
                0x0000000000101b84                tXUartPs_eSIOPort_open
                0x0000000000101bec                tXUartPs_eSIOPort_close
                0x0000000000101c1c                tXUartPs_eSIOPort_putChar
                0x0000000000101c3c                tXUartPs_eSIOPort_getChar
                0x0000000000101c5c                tXUartPs_eSIOPort_enableCBR
                0x0000000000101c90                tXUartPs_eSIOPort_disableCBR
                0x0000000000101cc4                tXUartPs_eiISR_main
 .text          0x0000000000101d38       0x3c objs/init_tecs.o
                0x0000000000101d38                initialize_tecs
 .text          0x0000000000101d74       0x6c objs/kernel_cfg.o
                0x0000000000101d74                _kernel_inthdr_82
                0x0000000000101db8                _kernel_initialize_object
 .text          0x0000000000101de0        0x0 ./gen/../tecsrustUART/target/armv7a-none-eabi/release/libitron.a(itron-bd237d22add3b961.itron.ddb412ddd8428b4f-cgu.0.rcgu.o)
 .text          0x0000000000101de0        0x0 ./gen/../tecsrustUART/target/armv7a-none-eabi/release/libitron.a(itron-fbcb73bf0b635dd5.itron.68e737fdf62a80e5-cgu.0.rcgu.o)
 .text          0x0000000000101de0        0x0 ./gen/../tecsrustUART/target/armv7a-none-eabi/release/libitron.a(core-d049573bc16596f9.core.5587a85061e7188a-cgu.0.rcgu.o)
 .text          0x0000000000101de0        0x0 ./gen/../tecsrustUART/target/armv7a-none-eabi/release/libitron.a(compiler_builtins-70f608aea3cde50d.compiler_builtins.5a681add74c93a61-cgu.162.rcgu.o)
 .text          0x0000000000101de0        0x0 ./gen/../tecsrustUART/target/armv7a-none-eabi/release/libitron.a(compiler_builtins-70f608aea3cde50d.compiler_builtins.5a681add74c93a61-cgu.174.rcgu.o)
 .text          0x0000000000101de0        0x0 ./gen/../tecsrustUART/target/armv7a-none-eabi/release/libitron.a(compiler_builtins-70f608aea3cde50d.compiler_builtins.5a681add74c93a61-cgu.178.rcgu.o)
 .text          0x0000000000101de0        0x0 ./gen/../tecsrustUART/target/armv7a-none-eabi/release/libitron.a(compiler_builtins-70f608aea3cde50d.compiler_builtins.5a681add74c93a61-cgu.180.rcgu.o)
 .text          0x0000000000101de0        0x0 ./gen/../tecsrustUART/target/armv7a-none-eabi/release/libitron.a(compiler_builtins-70f608aea3cde50d.compiler_builtins.5a681add74c93a61-cgu.201.rcgu.o)
 .text          0x0000000000101de0        0x0 ./gen/../tecsrustUART/target/armv7a-none-eabi/release/libitron.a(compiler_builtins-70f608aea3cde50d.compiler_builtins.5a681add74c93a61-cgu.206.rcgu.o)
 .text          0x0000000000101de0        0x0 ./gen/../tecsrustUART/target/armv7a-none-eabi/release/libitron.a(compiler_builtins-70f608aea3cde50d.compiler_builtins.5a681add74c93a61-cgu.210.rcgu.o)
 .text          0x0000000000101de0        0x0 ./gen/../tecsrustUART/target/armv7a-none-eabi/release/libitron.a(compiler_builtins-70f608aea3cde50d.compiler_builtins.5a681add74c93a61-cgu.223.rcgu.o)
 .text          0x0000000000101de0        0x0 ./gen/../tecsrustUART/target/armv7a-none-eabi/release/libitron.a(compiler_builtins-70f608aea3cde50d.compiler_builtins.5a681add74c93a61-cgu.253.rcgu.o)
 .text          0x0000000000101de0        0x0 ./gen/../tecsrustUART/target/armv7a-none-eabi/release/libitron.a(compiler_builtins-70f608aea3cde50d.compiler_builtins.5a681add74c93a61-cgu.261.rcgu.o)
 .text          0x0000000000101de0        0x0 ./gen/../tecsrustUART/target/armv7a-none-eabi/release/libitron.a(compiler_builtins-70f608aea3cde50d.compiler_builtins.5a681add74c93a61-cgu.263.rcgu.o)
 .text          0x0000000000101de0        0x0 ./gen/../tecsrustUART/target/armv7a-none-eabi/release/libitron.a(compiler_builtins-70f608aea3cde50d.compiler_builtins.5a681add74c93a61-cgu.270.rcgu.o)
 .text          0x0000000000101de0        0x0 ./gen/../tecsrustUART/target/armv7a-none-eabi/release/libitron.a(compiler_builtins-70f608aea3cde50d.compiler_builtins.5a681add74c93a61-cgu.283.rcgu.o)
 .text          0x0000000000101de0        0x0 ./gen/../tecsrustUART/target/armv7a-none-eabi/release/libitron.a(compiler_builtins-70f608aea3cde50d.compiler_builtins.5a681add74c93a61-cgu.287.rcgu.o)
 .text          0x0000000000101de0        0x0 ./gen/../tecsrustUART/target/armv7a-none-eabi/release/libitron.a(compiler_builtins-70f608aea3cde50d.compiler_builtins.5a681add74c93a61-cgu.300.rcgu.o)
 .text          0x0000000000101de0        0x0 ./gen/../tecsrustUART/target/armv7a-none-eabi/release/libitron.a(compiler_builtins-70f608aea3cde50d.compiler_builtins.5a681add74c93a61-cgu.310.rcgu.o)
 .text          0x0000000000101de0        0x0 ./gen/../tecsrustUART/target/armv7a-none-eabi/release/libitron.a(compiler_builtins-70f608aea3cde50d.compiler_builtins.5a681add74c93a61-cgu.355.rcgu.o)
 .text          0x0000000000101de0        0x0 ./gen/../tecsrustUART/target/armv7a-none-eabi/release/libitron.a(compiler_builtins-70f608aea3cde50d.compiler_builtins.5a681add74c93a61-cgu.361.rcgu.o)
 .text          0x0000000000101de0        0x0 ./gen/../tecsrustUART/target/armv7a-none-eabi/release/libitron.a(compiler_builtins-70f608aea3cde50d.compiler_builtins.5a681add74c93a61-cgu.365.rcgu.o)
 .text          0x0000000000101de0        0x0 ./gen/../tecsrustUART/target/armv7a-none-eabi/release/libitron.a(compiler_builtins-70f608aea3cde50d.compiler_builtins.5a681add74c93a61-cgu.375.rcgu.o)
 .text          0x0000000000101de0        0x0 ./gen/../tecsrustUART/target/armv7a-none-eabi/release/libitron.a(compiler_builtins-70f608aea3cde50d.compiler_builtins.5a681add74c93a61-cgu.393.rcgu.o)
 .text          0x0000000000101de0        0x0 ./gen/../tecsrustUART/target/armv7a-none-eabi/release/libitron.a(compiler_builtins-70f608aea3cde50d.compiler_builtins.5a681add74c93a61-cgu.395.rcgu.o)
 .text          0x0000000000101de0        0x0 ./gen/../tecsrustUART/target/armv7a-none-eabi/release/libitron.a(compiler_builtins-70f608aea3cde50d.compiler_builtins.5a681add74c93a61-cgu.410.rcgu.o)
 .text          0x0000000000101de0        0x0 ./gen/../tecsrustUART/target/armv7a-none-eabi/release/libitron.a(compiler_builtins-70f608aea3cde50d.compiler_builtins.5a681add74c93a61-cgu.411.rcgu.o)
 .text          0x0000000000101de0      0x1e0 ./gen/../tecsrustUART/target/armv7a-none-eabi/release/libitron.a(63f8a0b8a638da8c-udivmodsi4.o)
                0x0000000000101de0                __udivmodsi4
 .text          0x0000000000101fc0      0x1d0 ./gen/../tecsrustUART/target/armv7a-none-eabi/release/libitron.a(63f8a0b8a638da8c-udivsi3.o)
                0x0000000000101fc0                __udivsi3
                0x0000000000101fc0                __aeabi_uidiv
 .text          0x0000000000102190        0x0 ./gen/../tecsrustUART/target/armv7a-none-eabi/release/libitron.a(compiler_builtins-70f608aea3cde50d.compiler_builtins.5a681add74c93a61-cgu.000.rcgu.o)
 .text          0x0000000000102190        0x0 ./gen/../tecsrustUART/target/armv7a-none-eabi/release/libitron.a(compiler_builtins-70f608aea3cde50d.compiler_builtins.5a681add74c93a61-cgu.004.rcgu.o)
 .text          0x0000000000102190        0x0 ./gen/../tecsrustUART/target/armv7a-none-eabi/release/libitron.a(compiler_builtins-70f608aea3cde50d.compiler_builtins.5a681add74c93a61-cgu.009.rcgu.o)
 .text          0x0000000000102190        0x0 ./gen/../tecsrustUART/target/armv7a-none-eabi/release/libitron.a(compiler_builtins-70f608aea3cde50d.compiler_builtins.5a681add74c93a61-cgu.019.rcgu.o)
 .text          0x0000000000102190        0x0 ./gen/../tecsrustUART/target/armv7a-none-eabi/release/libitron.a(compiler_builtins-70f608aea3cde50d.compiler_builtins.5a681add74c93a61-cgu.347.rcgu.o)
 .text          0x0000000000102190        0x0 ./gen/../tecsrustUART/target/armv7a-none-eabi/release/libitron.a(63f8a0b8a638da8c-aeabi_div0.o)
 .text          0x0000000000102190        0x0 ./gen/../tecsrustUART/target/armv7a-none-eabi/release/libitron.a(compiler_builtins-70f608aea3cde50d.compiler_builtins.5a681add74c93a61-cgu.010.rcgu.o)
 .text          0x0000000000102190       0x80 ./libkernel.a(target_kernel_impl.o)
                0x0000000000102190                hardware_init_hook
                0x00000000001021a0                _kernel_target_mprc_initialize
                0x00000000001021c4                _kernel_target_initialize
                0x00000000001021e0                _kernel_target_exit
 .text          0x0000000000102210       0x34 ./libkernel.a(chip_kernel_impl.o)
                0x0000000000102210                _kernel_chip_initialize
                0x0000000000102240                _kernel_chip_terminate
 .text          0x0000000000102244       0x9c ./libkernel.a(mpcore_kernel_impl.o)
                0x0000000000102244                _kernel_mpcore_mprc_initialize
                0x0000000000102278                _kernel_mpcore_initialize
                0x00000000001022cc                _kernel_mpcore_terminate
 .text          0x00000000001022e0      0x340 ./libkernel.a(gic_kernel_impl.o)
                0x00000000001022e0                _kernel_gicc_initialize
                0x0000000000102314                _kernel_gicc_terminate
                0x0000000000102328                _kernel_gicd_initialize
                0x00000000001023c0                _kernel_gicd_terminate
                0x00000000001023d4                _kernel_initialize_interrupt
 .text          0x0000000000102620      0x12c ./libkernel.a(pl310.o)
                0x0000000000102620                _kernel_pl310_initialize
                0x0000000000102694                _kernel_pl310_disable
                0x00000000001026d4                _kernel_pl310_invalidate_all
                0x0000000000102710                _kernel_pl310_clean_and_invalidate_all
 .text          0x000000000010274c       0x90 ./libkernel.a(mpcore_timer.o)
                0x000000000010274c                _kernel_target_hrt_initialize
                0x0000000000102794                _kernel_target_hrt_terminate
                0x00000000001027c8                _kernel_target_hrt_handler
 .text          0x00000000001027dc      0x4f4 ./libkernel.a(core_kernel_impl.o)
                0x00000000001027dc                _kernel_arm_mmu_initialize
                0x00000000001029c4                _kernel_core_initialize
                0x0000000000102a24                _kernel_core_terminate
                0x0000000000102a28                _kernel_xlog_sys
                0x0000000000102ae4                _kernel_xlog_fsr
                0x0000000000102b64                _kernel_default_int_handler
                0x0000000000102b98                _kernel_default_exc_handler
 .text          0x0000000000102cd0      0x1b8 ./libkernel.a(arm.o)
                0x0000000000102cd0                arm_enable_icache
                0x0000000000102cec                arm_disable_icache
                0x0000000000102d04                armv7_invalidate_dcache
                0x0000000000102da8                arm_enable_dcache
                0x0000000000102dc8                armv7_clean_and_invalidate_dcache
                0x0000000000102e6c                arm_disable_dcache
 .text          0x0000000000102e88      0x3a8 ./libkernel.a(startup.o)
                0x0000000000102f00                _kernel_barrier_sync
                0x0000000000102f74                sta_ker
                0x000000000010308c                ext_ker
                0x00000000001030f4                _kernel_exit_kernel
                0x0000000000103174                _kernel_ext_ker_handler
 .text          0x0000000000103230      0x9c8 ./libkernel.a(task.o)
                0x0000000000103230                _kernel_search_schedtsk
                0x0000000000103244                _kernel_make_runnable
                0x000000000010337c                _kernel_initialize_task
                0x0000000000103490                _kernel_make_non_runnable
                0x00000000001035b4                _kernel_make_dormant
                0x00000000001035e0                _kernel_make_active
                0x000000000010360c                _kernel_change_priority
                0x00000000001038a8                _kernel_change_subprio
                0x0000000000103998                _kernel_rotate_ready_queue
                0x0000000000103a7c                _kernel_task_terminate
                0x0000000000103ba8                _kernel_migrate_self
                0x0000000000103bd0                _kernel_migrate_activate_self
 .text          0x0000000000103bf8        0x0 ./libkernel.a(taskhook.o)
 .text          0x0000000000103bf8      0x650 ./libkernel.a(wait.o)
                0x0000000000103bf8                _kernel_wait_tmout
                0x0000000000103d48                _kernel_make_wait_tmout
                0x0000000000103e04                _kernel_wait_dequeue_wobj
                0x0000000000103e20                _kernel_wait_complete
                0x0000000000103ec4                _kernel_wait_tmout_ok
                0x0000000000104000                _kernel_wobj_make_wait
                0x00000000001040a8                _kernel_wobj_make_wait_tmout
                0x0000000000104134                _kernel_init_wait_queue
 .text          0x0000000000104248      0xaf8 ./libkernel.a(time_event.o)
                0x0000000000104248                _kernel_initialize_tmevt
                0x00000000001042f4                _kernel_tmevt_up
                0x0000000000104354                _kernel_tmevt_down
                0x00000000001043f8                _kernel_update_current_evttim
                0x0000000000104480                _kernel_set_hrt_event
                0x0000000000104650                _kernel_set_hrt_event_handler
                0x0000000000104754                _kernel_tmevtb_register
                0x00000000001047ec                _kernel_tmevtb_enqueue
                0x00000000001048a0                _kernel_tmevtb_enqueue_reltim
                0x0000000000104974                _kernel_tmevtb_dequeue
                0x0000000000104a7c                _kernel_check_adjtim
                0x0000000000104b0c                _kernel_tmevt_lefttim
                0x0000000000104b44                _kernel_signal_time
 .text          0x0000000000104d40      0xb30 ./libkernel.a(task_sync.o)
                0x0000000000104d40                slp_tsk
                0x0000000000104e8c                tslp_tsk
                0x0000000000104fec                wup_tsk
                0x0000000000105158                can_wup
                0x000000000010525c                rel_wai
                0x0000000000105424                sus_tsk
                0x00000000001055b0                rsm_tsk
                0x00000000001056fc                dly_tsk
 .text          0x0000000000105870      0x87c ./libkernel.a(semaphore.o)
                0x0000000000105870                _kernel_initialize_semaphore
                0x00000000001058cc                sig_sem
                0x0000000000105a74                wai_sem
                0x0000000000105bd4                pol_sem
                0x0000000000105cc8                twai_sem
                0x0000000000105e64                ini_sem
                0x0000000000105f8c                ref_sem
 .text          0x00000000001060ec     0x1204 ./libkernel.a(dataqueue.o)
                0x00000000001060ec                _kernel_initialize_dataqueue
                0x0000000000106160                _kernel_enqueue_data
                0x0000000000106198                _kernel_force_enqueue_data
                0x00000000001061d8                _kernel_dequeue_data
                0x0000000000106214                _kernel_send_data
                0x00000000001062d8                _kernel_force_send_data
                0x0000000000106398                _kernel_receive_data
                0x0000000000106500                snd_dtq
                0x0000000000106698                psnd_dtq
                0x00000000001067cc                tsnd_dtq
                0x00000000001069a4                fsnd_dtq
                0x0000000000106ae0                rcv_dtq
                0x0000000000106cbc                prcv_dtq
                0x0000000000106df0                trcv_dtq
                0x0000000000106fe0                ini_dtq
                0x0000000000107114                ref_dtq
 .text          0x00000000001072f0      0x318 ./libkernel.a(spin_lock.o)
                0x00000000001072f0                _kernel_initialize_spin_lock
                0x0000000000107338                _kernel_force_unlock_spin
                0x0000000000107364                loc_spn
                0x0000000000107424                try_spn
                0x00000000001074c8                unl_spn
                0x0000000000107578                ref_spn
 .text          0x0000000000107608      0xb50 ./libkernel.a(sys_manage.o)
                0x0000000000107608                rot_rdq
                0x000000000010773c                mrot_rdq
                0x000000000010788c                get_tid
                0x00000000001078f4                get_pid
                0x000000000010791c                get_lod
                0x0000000000107a28                mget_lod
                0x0000000000107b4c                get_nth
                0x0000000000107c84                mget_nth
                0x0000000000107dd4                loc_cpu
                0x0000000000107dec                unl_cpu
                0x0000000000107e1c                dis_dsp
                0x0000000000107eec                ena_dsp
                0x0000000000108050                sns_ctx
                0x0000000000108080                sns_loc
                0x000000000010808c                sns_dsp
                0x00000000001080bc                sns_dpn
                0x0000000000108118                sns_ker
 .text          0x0000000000108158      0x668 ./libkernel.a(interrupt.o)
                0x0000000000108158                dis_int
                0x000000000010822c                ena_int
                0x0000000000108300                clr_int
                0x00000000001083d4                ras_int
                0x00000000001084f8                prb_int
                0x00000000001085b0                chg_ipm
                0x0000000000108758                get_ipm
 .text          0x00000000001087c0      0x3dc ./libkernel.a(core_support.o)
                0x00000000001087c0                _kernel_dispatch
                0x00000000001087ec                _kernel_start_dispatch
                0x0000000000108804                _kernel_exit_and_dispatch
                0x0000000000108834                _kernel_call_exit_kernel
                0x0000000000108844                _kernel_dispatch_and_migrate
                0x0000000000108860                _kernel_exit_and_migrate
                0x0000000000108868                _kernel_start_r
                0x0000000000108880                _kernel_irq_handler
                0x000000000010896c                _kernel_undef_handler
                0x0000000000108980                _kernel_svc_handler
                0x0000000000108990                _kernel_pabort_handler
                0x00000000001089a4                _kernel_dabort_handler
                0x0000000000108a04                _kernel_fiq_handler
                0x0000000000108b70                sil_dly_nse
 .text          0x0000000000108b9c      0x644 ./libkernel.a(task_term.o)
                0x0000000000108b9c                ext_tsk
                0x0000000000108cc0                ras_ter
                0x0000000000108e88                dis_ter
                0x0000000000108f40                ena_ter
                0x0000000000109058                sns_ter
                0x0000000000109094                ter_tsk
 .text          0x00000000001091e0       0x8c ./libkernel.a(gic_support.o)
                0x00000000001091e0                _kernel_irc_begin_int
                0x0000000000109218                _kernel_irc_end_int
                0x0000000000109228                _kernel_irc_get_intpri
                0x000000000010923c                _kernel_irc_begin_exc
                0x000000000010924c                _kernel_irc_end_exc
 .text          0x000000000010926c       0xa4 /usr/lib/gcc/arm-none-eabi/10.3.1/../../../arm-none-eabi/lib/thumb/v7-a/nofp/libc.a(lib_a-memset.o)
                0x000000000010926c                memset
 *(.text.*)
 .text._ZN68_$LT$itron..error..Error$LT$Kind$GT$$u20$as$u20$core..fmt..Debug$GT$3fmt17h14cdce66ca2c44f1E
                0x0000000000109310        0x4 ./gen/../tecsrustUART/target/armv7a-none-eabi/release/libitron.a(itron-bd237d22add3b961.itron.ddb412ddd8428b4f-cgu.0.rcgu.o)
 .text._RNvCsgYTF1aGAkck_7___rustc17rust_begin_unwind
                0x0000000000109314        0x4 ./gen/../tecsrustUART/target/armv7a-none-eabi/release/libitron.a(itron-bd237d22add3b961.itron.ddb412ddd8428b4f-cgu.0.rcgu.o)
                0x0000000000109314                __rustc::rust_begin_unwind
 .text.tecs_rust_start_r_processor1_symmetric_task1
                0x0000000000109318       0xa8 ./gen/../tecsrustUART/target/armv7a-none-eabi/release/libitron.a(itron-bd237d22add3b961.itron.ddb412ddd8428b4f-cgu.0.rcgu.o)
                0x0000000000109318                tecs_rust_start_r_processor1_symmetric_task1
 .text.tecs_rust_start_r_processor2_symmetric_task2
                0x00000000001093c0       0x78 ./gen/../tecsrustUART/target/armv7a-none-eabi/release/libitron.a(itron-bd237d22add3b961.itron.ddb412ddd8428b4f-cgu.0.rcgu.o)
                0x00000000001093c0                tecs_rust_start_r_processor2_symmetric_task2
 .text.tecs_rust_start_r_processor1_symmetric_uart_isr
                0x0000000000109438       0x54 ./gen/../tecsrustUART/target/armv7a-none-eabi/release/libitron.a(itron-bd237d22add3b961.itron.ddb412ddd8428b4f-cgu.0.rcgu.o)
                0x0000000000109438                tecs_rust_start_r_processor1_symmetric_uart_isr
 .text.tecs_rust_start_r_processor1_symmetric_uart_ini
                0x000000000010948c        0x4 ./gen/../tecsrustUART/target/armv7a-none-eabi/release/libitron.a(itron-bd237d22add3b961.itron.ddb412ddd8428b4f-cgu.0.rcgu.o)
                0x000000000010948c                tecs_rust_start_r_processor1_symmetric_uart_ini
 .text._ZN4core3fmt3num50_$LT$impl$u20$core..fmt..Debug$u20$for$u20$i32$GT$3fmt17h7a0e08473eadbc5bE
                0x0000000000109490       0x20 ./gen/../tecsrustUART/target/armv7a-none-eabi/release/libitron.a(itron-fbcb73bf0b635dd5.itron.68e737fdf62a80e5-cgu.0.rcgu.o)
 .text._ZN75_$LT$core..num..nonzero..NonZero$LT$T$GT$$u20$as$u20$core..fmt..Display$GT$3fmt17h850f84802fa3eaddE
                0x00000000001094b0       0x20 ./gen/../tecsrustUART/target/armv7a-none-eabi/release/libitron.a(itron-fbcb73bf0b635dd5.itron.68e737fdf62a80e5-cgu.0.rcgu.o)
 .text._ZN60_$LT$itron..error..ErrorCode$u20$as$u20$core..fmt..Debug$GT$3fmt17hf3b2cd5bb64ff3e9E
                0x00000000001094d0      0x2c4 ./gen/../tecsrustUART/target/armv7a-none-eabi/release/libitron.a(itron-fbcb73bf0b635dd5.itron.68e737fdf62a80e5-cgu.0.rcgu.o)
                0x00000000001094d0                <itron::error::ErrorCode as core::fmt::Debug>::fmt
 .text._ZN67_$LT$itron..dataqueue..DataqueueRef$u20$as$u20$core..fmt..Debug$GT$3fmt17h5b31219d7835aa6dE
                0x0000000000109794       0x58 ./gen/../tecsrustUART/target/armv7a-none-eabi/release/libitron.a(itron-fbcb73bf0b635dd5.itron.68e737fdf62a80e5-cgu.0.rcgu.o)
                0x0000000000109794                <itron::dataqueue::DataqueueRef as core::fmt::Debug>::fmt
 .text._ZN69_$LT$itron..memorypool..MemoryPoolRef$u20$as$u20$core..fmt..Debug$GT$3fmt17h802347f6fdaf37b2E
                0x00000000001097ec       0x58 ./gen/../tecsrustUART/target/armv7a-none-eabi/release/libitron.a(itron-fbcb73bf0b635dd5.itron.68e737fdf62a80e5-cgu.0.rcgu.o)
                0x00000000001097ec                <itron::memorypool::MemoryPoolRef as core::fmt::Debug>::fmt
 .text._ZN59_$LT$itron..mutex..MutexRef$u20$as$u20$core..fmt..Debug$GT$3fmt17h6a8d309fd5365a8bE
                0x0000000000109844       0x58 ./gen/../tecsrustUART/target/armv7a-none-eabi/release/libitron.a(itron-fbcb73bf0b635dd5.itron.68e737fdf62a80e5-cgu.0.rcgu.o)
                0x0000000000109844                <itron::mutex::MutexRef as core::fmt::Debug>::fmt
 .text._ZN64_$LT$itron..processor..Processor$u20$as$u20$core..fmt..Debug$GT$3fmt17hc75d9d03a1c196fbE
                0x000000000010989c       0x64 ./gen/../tecsrustUART/target/armv7a-none-eabi/release/libitron.a(itron-fbcb73bf0b635dd5.itron.68e737fdf62a80e5-cgu.0.rcgu.o)
                0x000000000010989c                <itron::processor::Processor as core::fmt::Debug>::fmt
 .text._ZN67_$LT$itron..semaphore..SemaphoreRef$u20$as$u20$core..fmt..Debug$GT$3fmt17haf2e3079afc34cfaE
                0x0000000000109900       0x58 ./gen/../tecsrustUART/target/armv7a-none-eabi/release/libitron.a(itron-fbcb73bf0b635dd5.itron.68e737fdf62a80e5-cgu.0.rcgu.o)
                0x0000000000109900                <itron::semaphore::SemaphoreRef as core::fmt::Debug>::fmt
 .text._ZN57_$LT$itron..task..TaskRef$u20$as$u20$core..fmt..Debug$GT$3fmt17h29082a565a1f7a0fE
                0x0000000000109958       0x58 ./gen/../tecsrustUART/target/armv7a-none-eabi/release/libitron.a(itron-fbcb73bf0b635dd5.itron.68e737fdf62a80e5-cgu.0.rcgu.o)
                0x0000000000109958                <itron::task::TaskRef as core::fmt::Debug>::fmt
 .text._ZN5itron4task7current17he5bb96fe6f36c460E
                0x00000000001099b0       0x4c ./gen/../tecsrustUART/target/armv7a-none-eabi/release/libitron.a(itron-fbcb73bf0b635dd5.itron.68e737fdf62a80e5-cgu.0.rcgu.o)
                0x00000000001099b0                itron::task::current
 .text._ZN4core3num7dec2flt11decimal_seq10DecimalSeq4trim17h5efee5ea5ccf409eE
                0x00000000001099fc       0x58 ./gen/../tecsrustUART/target/armv7a-none-eabi/release/libitron.a(core-d049573bc16596f9.core.5587a85061e7188a-cgu.0.rcgu.o)
                0x00000000001099fc                core::num::dec2flt::decimal_seq::DecimalSeq::trim
 .text._ZN4core3num7dec2flt11decimal_seq10DecimalSeq5round17h25fcaa510171f10cE
                0x0000000000109a54       0xf0 ./gen/../tecsrustUART/target/armv7a-none-eabi/release/libitron.a(core-d049573bc16596f9.core.5587a85061e7188a-cgu.0.rcgu.o)
                0x0000000000109a54                core::num::dec2flt::decimal_seq::DecimalSeq::round
 .text._ZN4core3num7dec2flt11decimal_seq10DecimalSeq10left_shift17hc6cf7434fa18fb28E
                0x0000000000109b44      0x310 ./gen/../tecsrustUART/target/armv7a-none-eabi/release/libitron.a(core-d049573bc16596f9.core.5587a85061e7188a-cgu.0.rcgu.o)
                0x0000000000109b44                core::num::dec2flt::decimal_seq::DecimalSeq::left_shift
 .text._ZN4core3num7dec2flt11decimal_seq10DecimalSeq11right_shift17hb4403252d794ad85E
                0x0000000000109e54      0x2c8 ./gen/../tecsrustUART/target/armv7a-none-eabi/release/libitron.a(core-d049573bc16596f9.core.5587a85061e7188a-cgu.0.rcgu.o)
                0x0000000000109e54                core::num::dec2flt::decimal_seq::DecimalSeq::right_shift
 .text._ZN4core3num7dec2flt11decimal_seq17parse_decimal_seq17h720ae35c33f1ca0cE
                0x000000000010a11c      0x4a0 ./gen/../tecsrustUART/target/armv7a-none-eabi/release/libitron.a(core-d049573bc16596f9.core.5587a85061e7188a-cgu.0.rcgu.o)
                0x000000000010a11c                core::num::dec2flt::decimal_seq::parse_decimal_seq
 .text._ZN59_$LT$f32$u20$as$u20$core..num..dec2flt..float..RawFloat$GT$15pow10_fast_path17h6e48b725f9e4ea17E
                0x000000000010a5bc       0x1c ./gen/../tecsrustUART/target/armv7a-none-eabi/release/libitron.a(core-d049573bc16596f9.core.5587a85061e7188a-cgu.0.rcgu.o)
                0x000000000010a5bc                <f32 as core::num::dec2flt::float::RawFloat>::pow10_fast_path
 .text._ZN59_$LT$f64$u20$as$u20$core..num..dec2flt..float..RawFloat$GT$15pow10_fast_path17h11f46422e910817bE
                0x000000000010a5d8       0x20 ./gen/../tecsrustUART/target/armv7a-none-eabi/release/libitron.a(core-d049573bc16596f9.core.5587a85061e7188a-cgu.0.rcgu.o)
                0x000000000010a5d8                <f64 as core::num::dec2flt::float::RawFloat>::pow10_fast_path
 .text._ZN4core3num7dec2flt6lemire13compute_float17h16a9ae03feeaa31dE
                0x000000000010a5f8      0x28c ./gen/../tecsrustUART/target/armv7a-none-eabi/release/libitron.a(core-d049573bc16596f9.core.5587a85061e7188a-cgu.0.rcgu.o)
 .text._ZN4core3num7dec2flt6lemire13compute_float17h6afe090d7f4e8ea6E
                0x000000000010a884      0x314 ./gen/../tecsrustUART/target/armv7a-none-eabi/release/libitron.a(core-d049573bc16596f9.core.5587a85061e7188a-cgu.0.rcgu.o)
 .text._ZN4core3num7dec2flt6lemire13compute_float17ha99c48ca86bcebfaE
                0x000000000010ab98      0x320 ./gen/../tecsrustUART/target/armv7a-none-eabi/release/libitron.a(core-d049573bc16596f9.core.5587a85061e7188a-cgu.0.rcgu.o)
 .text._ZN4core3num7dec2flt6lemire22compute_product_approx17h46540bfe977aa735E
                0x000000000010aeb8       0xfc ./gen/../tecsrustUART/target/armv7a-none-eabi/release/libitron.a(core-d049573bc16596f9.core.5587a85061e7188a-cgu.0.rcgu.o)
                0x000000000010aeb8                core::num::dec2flt::lemire::compute_product_approx
 .text._ZN4core3num7dec2flt5parse12parse_number17hac599539be123f0aE
                0x000000000010afb4      0x680 ./gen/../tecsrustUART/target/armv7a-none-eabi/release/libitron.a(core-d049573bc16596f9.core.5587a85061e7188a-cgu.0.rcgu.o)
                0x000000000010afb4                core::num::dec2flt::parse::parse_number
 .text._ZN74_$LT$core..num..dec2flt..ParseFloatError$u20$as$u20$core..fmt..Display$GT$3fmt17he75ae9ab1989a457E
                0x000000000010b634       0x48 ./gen/../tecsrustUART/target/armv7a-none-eabi/release/libitron.a(core-d049573bc16596f9.core.5587a85061e7188a-cgu.0.rcgu.o)
                0x000000000010b634                <core::num::dec2flt::ParseFloatError as core::fmt::Display>::fmt
 .text._ZN4core3num9diy_float2Fp3mul17h224020beff8dcf6eE
                0x000000000010b67c       0x58 ./gen/../tecsrustUART/target/armv7a-none-eabi/release/libitron.a(core-d049573bc16596f9.core.5587a85061e7188a-cgu.0.rcgu.o)
                0x000000000010b67c                core::num::diy_float::Fp::mul
 .text._ZN4core3num9diy_float2Fp9normalize17h769495316c3164f0E
                0x000000000010b6d4       0x4c ./gen/../tecsrustUART/target/armv7a-none-eabi/release/libitron.a(core-d049573bc16596f9.core.5587a85061e7188a-cgu.0.rcgu.o)
                0x000000000010b6d4                core::num::diy_float::Fp::normalize
 .text._ZN4core3num9diy_float2Fp12normalize_to17h65a8e137fe2a9b34E
                0x000000000010b720       0xc8 ./gen/../tecsrustUART/target/armv7a-none-eabi/release/libitron.a(core-d049573bc16596f9.core.5587a85061e7188a-cgu.0.rcgu.o)
                0x000000000010b720                core::num::diy_float::Fp::normalize_to
 .text._ZN4core3num7flt2dec9estimator23estimate_scaling_factor17h5aed770e3586ed17E
                0x000000000010b7e8       0x40 ./gen/../tecsrustUART/target/armv7a-none-eabi/release/libitron.a(core-d049573bc16596f9.core.5587a85061e7188a-cgu.0.rcgu.o)
                0x000000000010b7e8                core::num::flt2dec::estimator::estimate_scaling_factor
 .text._ZN4core3num7flt2dec8strategy6dragon9mul_pow1017h8de41a198f06ceffE
                0x000000000010b828      0x268 ./gen/../tecsrustUART/target/armv7a-none-eabi/release/libitron.a(core-d049573bc16596f9.core.5587a85061e7188a-cgu.0.rcgu.o)
                0x000000000010b828                core::num::flt2dec::strategy::dragon::mul_pow10
 .text._ZN4core3num7flt2dec8strategy6dragon15format_shortest17hb5e0ae7b6971114eE
                0x000000000010ba90      0xd24 ./gen/../tecsrustUART/target/armv7a-none-eabi/release/libitron.a(core-d049573bc16596f9.core.5587a85061e7188a-cgu.0.rcgu.o)
                0x000000000010ba90                core::num::flt2dec::strategy::dragon::format_shortest
 .text._ZN4core3num7flt2dec8strategy6dragon12format_exact17h413b0182ae77793eE
                0x000000000010c7b4      0xb6c ./gen/../tecsrustUART/target/armv7a-none-eabi/release/libitron.a(core-d049573bc16596f9.core.5587a85061e7188a-cgu.0.rcgu.o)
                0x000000000010c7b4                core::num::flt2dec::strategy::dragon::format_exact
 .text._ZN4core3num7flt2dec8strategy5grisu12cached_power17h40510fc142d30e5bE
                0x000000000010d320       0x70 ./gen/../tecsrustUART/target/armv7a-none-eabi/release/libitron.a(core-d049573bc16596f9.core.5587a85061e7188a-cgu.0.rcgu.o)
                0x000000000010d320                core::num::flt2dec::strategy::grisu::cached_power
 .text._ZN4core3num7flt2dec8strategy5grisu19format_shortest_opt17ha7dc55675409a111E
                0x000000000010d390      0x9e4 ./gen/../tecsrustUART/target/armv7a-none-eabi/release/libitron.a(core-d049573bc16596f9.core.5587a85061e7188a-cgu.0.rcgu.o)
                0x000000000010d390                core::num::flt2dec::strategy::grisu::format_shortest_opt
 .text._ZN4core3num7flt2dec8strategy5grisu15format_shortest17hcc7bcdc55f306e7cE
                0x000000000010dd74       0x5c ./gen/../tecsrustUART/target/armv7a-none-eabi/release/libitron.a(core-d049573bc16596f9.core.5587a85061e7188a-cgu.0.rcgu.o)
                0x000000000010dd74                core::num::flt2dec::strategy::grisu::format_shortest
 .text._ZN4core3num7flt2dec8strategy5grisu16format_exact_opt17h10c7733a2f424f87E
                0x000000000010ddd0      0x580 ./gen/../tecsrustUART/target/armv7a-none-eabi/release/libitron.a(core-d049573bc16596f9.core.5587a85061e7188a-cgu.0.rcgu.o)
                0x000000000010ddd0                core::num::flt2dec::strategy::grisu::format_exact_opt
 .text._ZN4core3num7flt2dec8strategy5grisu16format_exact_opt14possibly_round17h324fa6da31e0b7a0E
                0x000000000010e350      0x234 ./gen/../tecsrustUART/target/armv7a-none-eabi/release/libitron.a(core-d049573bc16596f9.core.5587a85061e7188a-cgu.0.rcgu.o)
 .text._ZN4core3num7flt2dec8strategy5grisu12format_exact17h78d277690b9100bfE
                0x000000000010e584       0x6c ./gen/../tecsrustUART/target/armv7a-none-eabi/release/libitron.a(core-d049573bc16596f9.core.5587a85061e7188a-cgu.0.rcgu.o)
                0x000000000010e584                core::num::flt2dec::strategy::grisu::format_exact
 .text._ZN4core3num7flt2dec8round_up17hdfef968791b3b8f1E
                0x000000000010e5f0       0xb8 ./gen/../tecsrustUART/target/armv7a-none-eabi/release/libitron.a(core-d049573bc16596f9.core.5587a85061e7188a-cgu.0.rcgu.o)
                0x000000000010e5f0                core::num::flt2dec::round_up
 .text._ZN4core3num7flt2dec17digits_to_dec_str17h4ef03e8f4c666413E
                0x000000000010e6a8      0x17c ./gen/../tecsrustUART/target/armv7a-none-eabi/release/libitron.a(core-d049573bc16596f9.core.5587a85061e7188a-cgu.0.rcgu.o)
                0x000000000010e6a8                core::num::flt2dec::digits_to_dec_str
 .text._ZN4core3num7flt2dec17digits_to_exp_str17hc40222548b9d8bc0E
                0x000000000010e824      0x180 ./gen/../tecsrustUART/target/armv7a-none-eabi/release/libitron.a(core-d049573bc16596f9.core.5587a85061e7188a-cgu.0.rcgu.o)
                0x000000000010e824                core::num::flt2dec::digits_to_exp_str
 .text._ZN4core3num3fmt4Part5write17h5157de02cd0761b1E
                0x000000000010e9a4      0x18c ./gen/../tecsrustUART/target/armv7a-none-eabi/release/libitron.a(core-d049573bc16596f9.core.5587a85061e7188a-cgu.0.rcgu.o)
                0x000000000010e9a4                core::num::fmt::Part::write
 .text._ZN4core3num3fmt9Formatted3len17ha07e1e9353604e1bE
                0x000000000010eb30       0xa4 ./gen/../tecsrustUART/target/armv7a-none-eabi/release/libitron.a(core-d049573bc16596f9.core.5587a85061e7188a-cgu.0.rcgu.o)
                0x000000000010eb30                core::num::fmt::Formatted::len
 .text._ZN4core3num3fmt9Formatted5write17h99ed3f4f2997298bE
                0x000000000010ebd4       0xac ./gen/../tecsrustUART/target/armv7a-none-eabi/release/libitron.a(core-d049573bc16596f9.core.5587a85061e7188a-cgu.0.rcgu.o)
                0x000000000010ebd4                core::num::fmt::Formatted::write
 .text._ZN72_$LT$core..num..error..TryFromIntError$u20$as$u20$core..fmt..Display$GT$3fmt17hce3ba6a6f2a6094bE
                0x000000000010ec80       0x20 ./gen/../tecsrustUART/target/armv7a-none-eabi/release/libitron.a(core-d049573bc16596f9.core.5587a85061e7188a-cgu.0.rcgu.o)
                0x000000000010ec80                <core::num::error::TryFromIntError as core::fmt::Display>::fmt
 .text._ZN70_$LT$core..num..error..ParseIntError$u20$as$u20$core..fmt..Display$GT$3fmt17hbaea7be47c23092bE
                0x000000000010eca0       0x34 ./gen/../tecsrustUART/target/armv7a-none-eabi/release/libitron.a(core-d049573bc16596f9.core.5587a85061e7188a-cgu.0.rcgu.o)
                0x000000000010eca0                <core::num::error::ParseIntError as core::fmt::Display>::fmt
 .text.unlikely._ZN4core3num9int_log1030panic_for_nonpositive_argument17h1277070ab48dc16bE
                0x000000000010ecd4       0x40 ./gen/../tecsrustUART/target/armv7a-none-eabi/release/libitron.a(core-d049573bc16596f9.core.5587a85061e7188a-cgu.0.rcgu.o)
                0x000000000010ecd4                core::num::int_log10::panic_for_nonpositive_argument
 .text.unlikely._ZN4core3num8int_sqrt27panic_for_negative_argument17h646ece1cae3b97dbE
                0x000000000010ed14       0x40 ./gen/../tecsrustUART/target/armv7a-none-eabi/release/libitron.a(core-d049573bc16596f9.core.5587a85061e7188a-cgu.0.rcgu.o)
                0x000000000010ed14                core::num::int_sqrt::panic_for_negative_argument
 .text.unlikely._ZN4core3num14overflow_panic3add17hf194787efb41c60bE
                0x000000000010ed54       0x40 ./gen/../tecsrustUART/target/armv7a-none-eabi/release/libitron.a(core-d049573bc16596f9.core.5587a85061e7188a-cgu.0.rcgu.o)
                0x000000000010ed54                core::num::overflow_panic::add
 .text.unlikely._ZN4core3num14overflow_panic3sub17he2e76c1521f0700fE
                0x000000000010ed94       0x40 ./gen/../tecsrustUART/target/armv7a-none-eabi/release/libitron.a(core-d049573bc16596f9.core.5587a85061e7188a-cgu.0.rcgu.o)
                0x000000000010ed94                core::num::overflow_panic::sub
 .text.unlikely._ZN4core3num14overflow_panic3mul17h60bfb5e03c5b71e3E
                0x000000000010edd4       0x40 ./gen/../tecsrustUART/target/armv7a-none-eabi/release/libitron.a(core-d049573bc16596f9.core.5587a85061e7188a-cgu.0.rcgu.o)
                0x000000000010edd4                core::num::overflow_panic::mul
 .text.unlikely._ZN4core3num14overflow_panic3div17h31ae6e9c5fc383d9E
                0x000000000010ee14       0x40 ./gen/../tecsrustUART/target/armv7a-none-eabi/release/libitron.a(core-d049573bc16596f9.core.5587a85061e7188a-cgu.0.rcgu.o)
                0x000000000010ee14                core::num::overflow_panic::div
 .text.unlikely._ZN4core3num14overflow_panic3rem17h60333cfee06b13cdE
                0x000000000010ee54       0x40 ./gen/../tecsrustUART/target/armv7a-none-eabi/release/libitron.a(core-d049573bc16596f9.core.5587a85061e7188a-cgu.0.rcgu.o)
                0x000000000010ee54                core::num::overflow_panic::rem
 .text.unlikely._ZN4core3num14overflow_panic3neg17h94a197b7d7b20279E
                0x000000000010ee94       0x40 ./gen/../tecsrustUART/target/armv7a-none-eabi/release/libitron.a(core-d049573bc16596f9.core.5587a85061e7188a-cgu.0.rcgu.o)
                0x000000000010ee94                core::num::overflow_panic::neg
 .text.unlikely._ZN4core3num14overflow_panic3shr17h1944cb74e27c390cE
                0x000000000010eed4       0x40 ./gen/../tecsrustUART/target/armv7a-none-eabi/release/libitron.a(core-d049573bc16596f9.core.5587a85061e7188a-cgu.0.rcgu.o)
                0x000000000010eed4                core::num::overflow_panic::shr
 .text.unlikely._ZN4core3num14overflow_panic3shl17hc7ecc243b6763a66E
                0x000000000010ef14       0x40 ./gen/../tecsrustUART/target/armv7a-none-eabi/release/libitron.a(core-d049573bc16596f9.core.5587a85061e7188a-cgu.0.rcgu.o)
                0x000000000010ef14                core::num::overflow_panic::shl
 .text.unlikely._ZN4core3num22from_ascii_radix_panic17h345174f03d72ebe3E
                0x000000000010ef54        0xc ./gen/../tecsrustUART/target/armv7a-none-eabi/release/libitron.a(core-d049573bc16596f9.core.5587a85061e7188a-cgu.0.rcgu.o)
                0x000000000010ef54                core::num::from_ascii_radix_panic
 .text._ZN76_$LT$core..mem..transmutability..Assume$u20$as$u20$core..ops..arith..Sub$GT$3sub17h21ed15b6645713d8E
                0x000000000010ef60       0x48 ./gen/../tecsrustUART/target/armv7a-none-eabi/release/libitron.a(core-d049573bc16596f9.core.5587a85061e7188a-cgu.0.rcgu.o)
                0x000000000010ef60                <core::mem::transmutability::Assume as core::ops::arith::Sub>::sub
 .text._ZN68_$LT$core..ptr..alignment..Alignment$u20$as$u20$core..fmt..Debug$GT$3fmt17hd2f4df9dbd6e2f86E
                0x000000000010efa8       0x88 ./gen/../tecsrustUART/target/armv7a-none-eabi/release/libitron.a(core-d049573bc16596f9.core.5587a85061e7188a-cgu.0.rcgu.o)
                0x000000000010efa8                <core::ptr::alignment::Alignment as core::fmt::Debug>::fmt
 .text._ZN69_$LT$core..ffi..c_str..CStr$u20$as$u20$core..clone..CloneToUninit$GT$15clone_to_uninit17h80a4ef3d92070d94E
                0x000000000010f030       0x20 ./gen/../tecsrustUART/target/armv7a-none-eabi/release/libitron.a(core-d049573bc16596f9.core.5587a85061e7188a-cgu.0.rcgu.o)
                0x000000000010f030                <core::ffi::c_str::CStr as core::clone::CloneToUninit>::clone_to_uninit
 .text._ZN57_$LT$core..error..Request$u20$as$u20$core..fmt..Debug$GT$3fmt17h5f561f753496d82cE
                0x000000000010f050       0x54 ./gen/../tecsrustUART/target/armv7a-none-eabi/release/libitron.a(core-d049573bc16596f9.core.5587a85061e7188a-cgu.0.rcgu.o)
                0x000000000010f050                <core::error::Request as core::fmt::Debug>::fmt
 .text._ZN78_$LT$core..error..Source$u20$as$u20$core..iter..traits..iterator..Iterator$GT$4next17h4a1fc4a2554e7eceE
                0x000000000010f0a4       0x4c ./gen/../tecsrustUART/target/armv7a-none-eabi/release/libitron.a(core-d049573bc16596f9.core.5587a85061e7188a-cgu.0.rcgu.o)
                0x000000000010f0a4                <core::error::Source as core::iter::traits::iterator::Iterator>::next
 .text._ZN64_$LT$core..ops..range..RangeFull$u20$as$u20$core..fmt..Debug$GT$3fmt17h424403ffd1288619E
                0x000000000010f0f0       0x24 ./gen/../tecsrustUART/target/armv7a-none-eabi/release/libitron.a(core-d049573bc16596f9.core.5587a85061e7188a-cgu.0.rcgu.o)
                0x000000000010f0f0                <core::ops::range::RangeFull as core::fmt::Debug>::fmt
 .text._ZN71_$LT$core..ops..range..Range$LT$Idx$GT$$u20$as$u20$core..fmt..Debug$GT$3fmt17ha953e6102122b0f8E
                0x000000000010f114      0x1c8 ./gen/../tecsrustUART/target/armv7a-none-eabi/release/libitron.a(core-d049573bc16596f9.core.5587a85061e7188a-cgu.0.rcgu.o)
 .text._ZN105_$LT$dyn$u20$core..any..Any$u2b$core..marker..Sync$u2b$core..marker..Send$u20$as$u20$core..fmt..Debug$GT$3fmt17habd8592b3ad60da5E
                0x000000000010f2dc       0x54 ./gen/../tecsrustUART/target/armv7a-none-eabi/release/libitron.a(core-d049573bc16596f9.core.5587a85061e7188a-cgu.0.rcgu.o)
                0x000000000010f2dc                <dyn core::any::Any+core::marker::Send as core::fmt::Debug>::fmt
                0x000000000010f2dc                <dyn core::any::Any as core::fmt::Debug>::fmt
                0x000000000010f2dc                <dyn core::any::Any+core::marker::Sync+core::marker::Send as core::fmt::Debug>::fmt
 .text._ZN54_$LT$core..any..TypeId$u20$as$u20$core..fmt..Debug$GT$3fmt17h85ceed27d8f181fdE
                0x000000000010f330       0x78 ./gen/../tecsrustUART/target/armv7a-none-eabi/release/libitron.a(core-d049573bc16596f9.core.5587a85061e7188a-cgu.0.rcgu.o)
                0x000000000010f330                <core::any::TypeId as core::fmt::Debug>::fmt
 .text._ZN73_$LT$core..ascii..ascii_char..AsciiChar$u20$as$u20$core..fmt..Display$GT$3fmt17h8431bf4e4f9d1f68E
                0x000000000010f3a8       0x20 ./gen/../tecsrustUART/target/armv7a-none-eabi/release/libitron.a(core-d049573bc16596f9.core.5587a85061e7188a-cgu.0.rcgu.o)
                0x000000000010f3a8                <core::ascii::ascii_char::AsciiChar as core::fmt::Display>::fmt
 .text._ZN71_$LT$core..ascii..ascii_char..AsciiChar$u20$as$u20$core..fmt..Debug$GT$3fmt17h177c64a4e196f32cE
                0x000000000010f3c8      0x1a8 ./gen/../tecsrustUART/target/armv7a-none-eabi/release/libitron.a(core-d049573bc16596f9.core.5587a85061e7188a-cgu.0.rcgu.o)
                0x000000000010f3c8                <core::ascii::ascii_char::AsciiChar as core::fmt::Debug>::fmt
 .text._ZN4core5ascii14escape_default17h981d8e307eaaa916E
                0x000000000010f570       0x98 ./gen/../tecsrustUART/target/armv7a-none-eabi/release/libitron.a(core-d049573bc16596f9.core.5587a85061e7188a-cgu.0.rcgu.o)
                0x000000000010f570                core::ascii::escape_default
 .text._ZN65_$LT$core..ascii..EscapeDefault$u20$as$u20$core..fmt..Display$GT$3fmt17he735515427ec3f2cE
                0x000000000010f608       0x30 ./gen/../tecsrustUART/target/armv7a-none-eabi/release/libitron.a(core-d049573bc16596f9.core.5587a85061e7188a-cgu.0.rcgu.o)
                0x000000000010f608                <core::ascii::EscapeDefault as core::fmt::Display>::fmt
 .text._ZN63_$LT$core..ascii..EscapeDefault$u20$as$u20$core..fmt..Debug$GT$3fmt17h46f02f61de5321cbE
                0x000000000010f638       0x54 ./gen/../tecsrustUART/target/armv7a-none-eabi/release/libitron.a(core-d049573bc16596f9.core.5587a85061e7188a-cgu.0.rcgu.o)
                0x000000000010f638                <core::ascii::EscapeDefault as core::fmt::Debug>::fmt
 .text._ZN56_$LT$core..bstr..ByteStr$u20$as$u20$core..fmt..Debug$GT$3fmt17h8b572b2661a1de36E
                0x000000000010f68c      0x310 ./gen/../tecsrustUART/target/armv7a-none-eabi/release/libitron.a(core-d049573bc16596f9.core.5587a85061e7188a-cgu.0.rcgu.o)
                0x000000000010f68c                <core::bstr::ByteStr as core::fmt::Debug>::fmt
 .text._ZN58_$LT$core..bstr..ByteStr$u20$as$u20$core..fmt..Display$GT$3fmt17he4ae28f23ce65a58E
                0x000000000010f99c      0x340 ./gen/../tecsrustUART/target/armv7a-none-eabi/release/libitron.a(core-d049573bc16596f9.core.5587a85061e7188a-cgu.0.rcgu.o)
                0x000000000010f99c                <core::bstr::ByteStr as core::fmt::Display>::fmt
 .text.unlikely._ZN4core4cell4lazy14panic_poisoned17h8eb5d443042c4736E
                0x000000000010fcdc       0x44 ./gen/../tecsrustUART/target/armv7a-none-eabi/release/libitron.a(core-d049573bc16596f9.core.5587a85061e7188a-cgu.0.rcgu.o)
                0x000000000010fcdc                core::cell::lazy::panic_poisoned
 .text._ZN60_$LT$core..cell..BorrowError$u20$as$u20$core..fmt..Debug$GT$3fmt17h56da770da5e11014E
                0x000000000010fd20       0x24 ./gen/../tecsrustUART/target/armv7a-none-eabi/release/libitron.a(core-d049573bc16596f9.core.5587a85061e7188a-cgu.0.rcgu.o)
                0x000000000010fd20                <core::cell::BorrowError as core::fmt::Debug>::fmt
 .text._ZN62_$LT$core..cell..BorrowError$u20$as$u20$core..fmt..Display$GT$3fmt17h649aaf4112417b69E
                0x000000000010fd44       0x20 ./gen/../tecsrustUART/target/armv7a-none-eabi/release/libitron.a(core-d049573bc16596f9.core.5587a85061e7188a-cgu.0.rcgu.o)
                0x000000000010fd44                <core::cell::BorrowError as core::fmt::Display>::fmt
 .text._ZN63_$LT$core..cell..BorrowMutError$u20$as$u20$core..fmt..Debug$GT$3fmt17h5dd54cc4ab093714E
                0x000000000010fd64       0x24 ./gen/../tecsrustUART/target/armv7a-none-eabi/release/libitron.a(core-d049573bc16596f9.core.5587a85061e7188a-cgu.0.rcgu.o)
                0x000000000010fd64                <core::cell::BorrowMutError as core::fmt::Debug>::fmt
 .text._ZN65_$LT$core..cell..BorrowMutError$u20$as$u20$core..fmt..Display$GT$3fmt17h2f7647931a1ef38bE
                0x000000000010fd88       0x20 ./gen/../tecsrustUART/target/armv7a-none-eabi/release/libitron.a(core-d049573bc16596f9.core.5587a85061e7188a-cgu.0.rcgu.o)
                0x000000000010fd88                <core::cell::BorrowMutError as core::fmt::Display>::fmt
 .text.unlikely._ZN4core4cell22panic_already_borrowed17h058b49ead05ac00bE
                0x000000000010fda8       0x54 ./gen/../tecsrustUART/target/armv7a-none-eabi/release/libitron.a(core-d049573bc16596f9.core.5587a85061e7188a-cgu.0.rcgu.o)
                0x000000000010fda8                core::cell::panic_already_borrowed
 .text.unlikely._ZN4core4cell30panic_already_mutably_borrowed17h9c448cf1bc13461aE
                0x000000000010fdfc       0x54 ./gen/../tecsrustUART/target/armv7a-none-eabi/release/libitron.a(core-d049573bc16596f9.core.5587a85061e7188a-cgu.0.rcgu.o)
                0x000000000010fdfc                core::cell::panic_already_mutably_borrowed
 .text._ZN74_$LT$core..char..convert..ParseCharError$u20$as$u20$core..fmt..Display$GT$3fmt17hcaa7912ed162bf56E
                0x000000000010fe50       0x48 ./gen/../tecsrustUART/target/armv7a-none-eabi/release/libitron.a(core-d049573bc16596f9.core.5587a85061e7188a-cgu.0.rcgu.o)
                0x000000000010fe50                <core::char::convert::ParseCharError as core::fmt::Display>::fmt
 .text._ZN76_$LT$core..char..convert..CharTryFromError$u20$as$u20$core..fmt..Display$GT$3fmt17h19f1ba4eab42fadcE
                0x000000000010fe98       0x20 ./gen/../tecsrustUART/target/armv7a-none-eabi/release/libitron.a(core-d049573bc16596f9.core.5587a85061e7188a-cgu.0.rcgu.o)
                0x000000000010fe98                <core::char::convert::CharTryFromError as core::fmt::Display>::fmt
 .text._ZN75_$LT$core..char..decode..DecodeUtf16Error$u20$as$u20$core..fmt..Display$GT$3fmt17hdcf3babdf2cfe76aE
                0x000000000010feb8       0x54 ./gen/../tecsrustUART/target/armv7a-none-eabi/release/libitron.a(core-d049573bc16596f9.core.5587a85061e7188a-cgu.0.rcgu.o)
                0x000000000010feb8                <core::char::decode::DecodeUtf16Error as core::fmt::Display>::fmt
 .text._ZN4core4char7methods22_$LT$impl$u20$char$GT$16escape_debug_ext17hd46ad63d40b7f951E
                0x000000000010ff0c      0x3c0 ./gen/../tecsrustUART/target/armv7a-none-eabi/release/libitron.a(core-d049573bc16596f9.core.5587a85061e7188a-cgu.0.rcgu.o)
 .text._ZN64_$LT$core..char..EscapeDefault$u20$as$u20$core..fmt..Display$GT$3fmt17h38aec28b84124e92E
                0x00000000001102cc       0x30 ./gen/../tecsrustUART/target/armv7a-none-eabi/release/libitron.a(core-d049573bc16596f9.core.5587a85061e7188a-cgu.0.rcgu.o)
                0x00000000001102cc                <core::char::EscapeUnicode as core::fmt::Display>::fmt
                0x00000000001102cc                <core::char::EscapeDefault as core::fmt::Display>::fmt
 .text._ZN62_$LT$core..char..EscapeDebug$u20$as$u20$core..fmt..Display$GT$3fmt17hafc69afb2cba63d2E
                0x00000000001102fc       0x50 ./gen/../tecsrustUART/target/armv7a-none-eabi/release/libitron.a(core-d049573bc16596f9.core.5587a85061e7188a-cgu.0.rcgu.o)
                0x00000000001102fc                <core::char::EscapeDebug as core::fmt::Display>::fmt
 .text._ZN86_$LT$core..char..CaseMappingIter$u20$as$u20$core..iter..traits..iterator..Iterator$GT$4next17h387613f301dd4fd8E
                0x000000000011034c       0x28 ./gen/../tecsrustUART/target/armv7a-none-eabi/release/libitron.a(core-d049573bc16596f9.core.5587a85061e7188a-cgu.0.rcgu.o)
                0x000000000011034c                <core::char::CaseMappingIter as core::iter::traits::iterator::Iterator>::next
 .text._ZN86_$LT$core..char..CaseMappingIter$u20$as$u20$core..iter..traits..iterator..Iterator$GT$5count17h9c99394d14e09439E
                0x0000000000110374       0x14 ./gen/../tecsrustUART/target/armv7a-none-eabi/release/libitron.a(core-d049573bc16596f9.core.5587a85061e7188a-cgu.0.rcgu.o)
                0x0000000000110374                <core::char::CaseMappingIter as core::iter::traits::iterator::Iterator>::count
 .text._ZN86_$LT$core..char..CaseMappingIter$u20$as$u20$core..iter..traits..iterator..Iterator$GT$4last17h4812d7f7192ee524E
                0x0000000000110388       0x40 ./gen/../tecsrustUART/target/armv7a-none-eabi/release/libitron.a(core-d049573bc16596f9.core.5587a85061e7188a-cgu.0.rcgu.o)
                0x0000000000110388                <core::char::CaseMappingIter as core::iter::traits::iterator::Iterator>::last
 .text._ZN86_$LT$core..char..CaseMappingIter$u20$as$u20$core..iter..traits..iterator..Iterator$GT$10advance_by17h0f8a06432075b566E
                0x00000000001103c8       0x28 ./gen/../tecsrustUART/target/armv7a-none-eabi/release/libitron.a(core-d049573bc16596f9.core.5587a85061e7188a-cgu.0.rcgu.o)
                0x00000000001103c8                <core::char::CaseMappingIter as core::iter::traits::iterator::Iterator>::advance_by
 .text._ZN86_$LT$core..char..CaseMappingIter$u20$as$u20$core..iter..traits..iterator..Iterator$GT$24__iterator_get_unchecked17hee300516a572f4b8E
                0x00000000001103f0       0x1c ./gen/../tecsrustUART/target/armv7a-none-eabi/release/libitron.a(core-d049573bc16596f9.core.5587a85061e7188a-cgu.0.rcgu.o)
                0x00000000001103f0                <core::char::CaseMappingIter as core::iter::traits::iterator::Iterator>::__iterator_get_unchecked
 .text._ZN101_$LT$core..char..CaseMappingIter$u20$as$u20$core..iter..traits..double_ended..DoubleEndedIterator$GT$9next_back17h0013dfa0a23bb5c3E
                0x000000000011040c       0x2c ./gen/../tecsrustUART/target/armv7a-none-eabi/release/libitron.a(core-d049573bc16596f9.core.5587a85061e7188a-cgu.0.rcgu.o)
                0x000000000011040c                <core::char::CaseMappingIter as core::iter::traits::double_ended::DoubleEndedIterator>::next_back
 .text._ZN101_$LT$core..char..CaseMappingIter$u20$as$u20$core..iter..traits..double_ended..DoubleEndedIterator$GT$15advance_back_by17h0e7ec4b92a9eb744E
                0x0000000000110438       0x28 ./gen/../tecsrustUART/target/armv7a-none-eabi/release/libitron.a(core-d049573bc16596f9.core.5587a85061e7188a-cgu.0.rcgu.o)
                0x0000000000110438                <core::char::CaseMappingIter as core::iter::traits::double_ended::DoubleEndedIterator>::advance_back_by
 .text._ZN67_$LT$core..char..TryFromCharError$u20$as$u20$core..fmt..Display$GT$3fmt17hbf1b0a686f8a1a69E
                0x0000000000110460       0x20 ./gen/../tecsrustUART/target/armv7a-none-eabi/release/libitron.a(core-d049573bc16596f9.core.5587a85061e7188a-cgu.0.rcgu.o)
                0x0000000000110460                <core::char::TryFromCharError as core::fmt::Display>::fmt
 .text._ZN79_$LT$core..ffi..c_str..FromBytesUntilNulError$u20$as$u20$core..fmt..Display$GT$3fmt17h71f2c90ca2a80addE
                0x0000000000110480       0x24 ./gen/../tecsrustUART/target/armv7a-none-eabi/release/libitron.a(core-d049573bc16596f9.core.5587a85061e7188a-cgu.0.rcgu.o)
                0x0000000000110480                <core::ffi::c_str::FromBytesUntilNulError as core::fmt::Display>::fmt
 .text._ZN59_$LT$core..ffi..c_str..CStr$u20$as$u20$core..fmt..Debug$GT$3fmt17h36ba4289086816d4E
                0x00000000001104a4       0x7c ./gen/../tecsrustUART/target/armv7a-none-eabi/release/libitron.a(core-d049573bc16596f9.core.5587a85061e7188a-cgu.0.rcgu.o)
                0x00000000001104a4                <core::ffi::c_str::CStr as core::fmt::Debug>::fmt
 .text._ZN78_$LT$core..ffi..c_str..FromBytesWithNulError$u20$as$u20$core..fmt..Display$GT$3fmt17hd6785df6bd44c25dE
                0x0000000000110520       0xc4 ./gen/../tecsrustUART/target/armv7a-none-eabi/release/libitron.a(core-d049573bc16596f9.core.5587a85061e7188a-cgu.0.rcgu.o)
                0x0000000000110520                <core::ffi::c_str::FromBytesWithNulError as core::fmt::Display>::fmt
 .text._ZN4core3ffi5c_str4CStr20from_bytes_until_nul17h223b6a3545723cc2E
                0x00000000001105e4      0x1b8 ./gen/../tecsrustUART/target/armv7a-none-eabi/release/libitron.a(core-d049573bc16596f9.core.5587a85061e7188a-cgu.0.rcgu.o)
                0x00000000001105e4                core::ffi::c_str::CStr::from_bytes_until_nul
 .text._ZN4core3ffi5c_str4CStr19from_bytes_with_nul17h924bc5b5323bf05eE
                0x000000000011079c      0x1cc ./gen/../tecsrustUART/target/armv7a-none-eabi/release/libitron.a(core-d049573bc16596f9.core.5587a85061e7188a-cgu.0.rcgu.o)
                0x000000000011079c                core::ffi::c_str::CStr::from_bytes_with_nul
 .text._ZN4core3ffi5c_str4CStr6to_str17hc1faa40fb638a30eE
                0x0000000000110968       0x14 ./gen/../tecsrustUART/target/armv7a-none-eabi/release/libitron.a(core-d049573bc16596f9.core.5587a85061e7188a-cgu.0.rcgu.o)
                0x0000000000110968                core::ffi::c_str::CStr::to_str
 .text._ZN67_$LT$core..ffi..va_list..VaListImpl$u20$as$u20$core..fmt..Debug$GT$3fmt17hd26f911d47b97956E
                0x000000000011097c       0x54 ./gen/../tecsrustUART/target/armv7a-none-eabi/release/libitron.a(core-d049573bc16596f9.core.5587a85061e7188a-cgu.0.rcgu.o)
                0x000000000011097c                <core::ffi::va_list::VaListImpl as core::fmt::Debug>::fmt
 .text._ZN54_$LT$core..ffi..c_void$u20$as$u20$core..fmt..Debug$GT$3fmt17h3b27b77d454a7b00E
                0x00000000001109d0       0x24 ./gen/../tecsrustUART/target/armv7a-none-eabi/release/libitron.a(core-d049573bc16596f9.core.5587a85061e7188a-cgu.0.rcgu.o)
                0x00000000001109d0                <core::ffi::c_void as core::fmt::Debug>::fmt
 .text._ZN72_$LT$core..io..borrowed_buf..BorrowedBuf$u20$as$u20$core..fmt..Debug$GT$3fmt17h8c5373e369933a1eE
                0x00000000001109f4      0x114 ./gen/../tecsrustUART/target/armv7a-none-eabi/release/libitron.a(core-d049573bc16596f9.core.5587a85061e7188a-cgu.0.rcgu.o)
                0x00000000001109f4                <core::io::borrowed_buf::BorrowedBuf as core::fmt::Debug>::fmt
 .text._ZN86_$LT$core..net..display_buffer..DisplayBuffer$LT$_$GT$$u20$as$u20$core..fmt..Write$GT$9write_str17h297baed95332eae7E
                0x0000000000110b08       0x48 ./gen/../tecsrustUART/target/armv7a-none-eabi/release/libitron.a(core-d049573bc16596f9.core.5587a85061e7188a-cgu.0.rcgu.o)
 .text._ZN86_$LT$core..net..display_buffer..DisplayBuffer$LT$_$GT$$u20$as$u20$core..fmt..Write$GT$9write_str17h839f220912462241E
                0x0000000000110b50       0x48 ./gen/../tecsrustUART/target/armv7a-none-eabi/release/libitron.a(core-d049573bc16596f9.core.5587a85061e7188a-cgu.0.rcgu.o)
 .text._ZN86_$LT$core..net..display_buffer..DisplayBuffer$LT$_$GT$$u20$as$u20$core..fmt..Write$GT$9write_str17h8badf8473d9a4002E
                0x0000000000110b98       0x48 ./gen/../tecsrustUART/target/armv7a-none-eabi/release/libitron.a(core-d049573bc16596f9.core.5587a85061e7188a-cgu.0.rcgu.o)
 .text._ZN86_$LT$core..net..display_buffer..DisplayBuffer$LT$_$GT$$u20$as$u20$core..fmt..Write$GT$9write_str17hd35c8bb425293b8bE
                0x0000000000110be0       0x48 ./gen/../tecsrustUART/target/armv7a-none-eabi/release/libitron.a(core-d049573bc16596f9.core.5587a85061e7188a-cgu.0.rcgu.o)
 .text._ZN65_$LT$core..net..ip_addr..IpAddr$u20$as$u20$core..fmt..Display$GT$3fmt17h3168c33a3915df90E
                0x0000000000110c28       0x24 ./gen/../tecsrustUART/target/armv7a-none-eabi/release/libitron.a(core-d049573bc16596f9.core.5587a85061e7188a-cgu.0.rcgu.o)
                0x0000000000110c28                <core::net::ip_addr::IpAddr as core::fmt::Display>::fmt
 .text._ZN63_$LT$core..net..ip_addr..IpAddr$u20$as$u20$core..fmt..Debug$GT$3fmt17hfda05f36d5a749a6E
                0x0000000000110c4c       0x24 ./gen/../tecsrustUART/target/armv7a-none-eabi/release/libitron.a(core-d049573bc16596f9.core.5587a85061e7188a-cgu.0.rcgu.o)
                0x0000000000110c4c                <core::net::ip_addr::IpAddr as core::fmt::Debug>::fmt
 .text._ZN67_$LT$core..net..ip_addr..Ipv4Addr$u20$as$u20$core..fmt..Display$GT$3fmt17h8a7f4864e9af7f6bE
                0x0000000000110c70      0x194 ./gen/../tecsrustUART/target/armv7a-none-eabi/release/libitron.a(core-d049573bc16596f9.core.5587a85061e7188a-cgu.0.rcgu.o)
                0x0000000000110c70                <core::net::ip_addr::Ipv4Addr as core::fmt::Display>::fmt
 .text._ZN65_$LT$core..net..ip_addr..Ipv4Addr$u20$as$u20$core..fmt..Debug$GT$3fmt17h6a51679a1ff6e7e2E
                0x0000000000110e04       0x10 ./gen/../tecsrustUART/target/armv7a-none-eabi/release/libitron.a(core-d049573bc16596f9.core.5587a85061e7188a-cgu.0.rcgu.o)
                0x0000000000110e04                <core::net::ip_addr::Ipv4Addr as core::fmt::Debug>::fmt
 .text._ZN67_$LT$core..net..ip_addr..Ipv6Addr$u20$as$u20$core..fmt..Display$GT$3fmt17ha09719cd9f4aecf6E
                0x0000000000110e14      0x824 ./gen/../tecsrustUART/target/armv7a-none-eabi/release/libitron.a(core-d049573bc16596f9.core.5587a85061e7188a-cgu.0.rcgu.o)
                0x0000000000110e14                <core::net::ip_addr::Ipv6Addr as core::fmt::Display>::fmt
 .text._ZN67_$LT$core..net..ip_addr..Ipv6Addr$u20$as$u20$core..fmt..Display$GT$3fmt12fmt_subslice17hba89c8432023046dE
                0x0000000000111638      0x130 ./gen/../tecsrustUART/target/armv7a-none-eabi/release/libitron.a(core-d049573bc16596f9.core.5587a85061e7188a-cgu.0.rcgu.o)
 .text._ZN65_$LT$core..net..ip_addr..Ipv6Addr$u20$as$u20$core..fmt..Debug$GT$3fmt17hd7b6c05483d437dbE
                0x0000000000111768       0x10 ./gen/../tecsrustUART/target/armv7a-none-eabi/release/libitron.a(core-d049573bc16596f9.core.5587a85061e7188a-cgu.0.rcgu.o)
                0x0000000000111768                <core::net::ip_addr::Ipv6Addr as core::fmt::Debug>::fmt
 .text._ZN4core3net6parser6Parser11read_number28_$u7b$$u7b$closure$u7d$$u7d$17hcfdf77b7d41ca56bE
                0x0000000000111778      0x304 ./gen/../tecsrustUART/target/armv7a-none-eabi/release/libitron.a(core-d049573bc16596f9.core.5587a85061e7188a-cgu.0.rcgu.o)
 .text._ZN4core3net6parser6Parser14read_ipv4_addr17h3efba67ec1312042E
                0x0000000000111a7c      0x37c ./gen/../tecsrustUART/target/armv7a-none-eabi/release/libitron.a(core-d049573bc16596f9.core.5587a85061e7188a-cgu.0.rcgu.o)
 .text._ZN4core3net6parser6Parser14read_ipv6_addr17h54c8b5ef622aafb8E
                0x0000000000111df8      0x224 ./gen/../tecsrustUART/target/armv7a-none-eabi/release/libitron.a(core-d049573bc16596f9.core.5587a85061e7188a-cgu.0.rcgu.o)
 .text._ZN4core3net6parser6Parser14read_ipv6_addr11read_groups17h16f736446e4eaddeE
                0x000000000011201c      0x230 ./gen/../tecsrustUART/target/armv7a-none-eabi/release/libitron.a(core-d049573bc16596f9.core.5587a85061e7188a-cgu.0.rcgu.o)
 .text._ZN4core3net6parser6Parser19read_socket_addr_v617hb4d45e4b5ba1a4d4E
                0x000000000011224c      0x278 ./gen/../tecsrustUART/target/armv7a-none-eabi/release/libitron.a(core-d049573bc16596f9.core.5587a85061e7188a-cgu.0.rcgu.o)
 .text._ZN4core3net6parser44_$LT$impl$u20$core..net..ip_addr..IpAddr$GT$11parse_ascii17hd7ed4f332f3caa79E
                0x00000000001124c4      0x168 ./gen/../tecsrustUART/target/armv7a-none-eabi/release/libitron.a(core-d049573bc16596f9.core.5587a85061e7188a-cgu.0.rcgu.o)
                0x00000000001124c4                core::net::parser::<impl core::net::ip_addr::IpAddr>::parse_ascii
 .text._ZN4core3net6parser83_$LT$impl$u20$core..str..traits..FromStr$u20$for$u20$core..net..ip_addr..IpAddr$GT$8from_str17h49e46cb50b46901eE
                0x000000000011262c      0x168 ./gen/../tecsrustUART/target/armv7a-none-eabi/release/libitron.a(core-d049573bc16596f9.core.5587a85061e7188a-cgu.0.rcgu.o)
                0x000000000011262c                core::net::parser::<impl core::str::traits::FromStr for core::net::ip_addr::IpAddr>::from_str
 .text._ZN4core3net6parser46_$LT$impl$u20$core..net..ip_addr..Ipv4Addr$GT$11parse_ascii17h8028e1785cb7be5fE
                0x0000000000112794       0x9c ./gen/../tecsrustUART/target/armv7a-none-eabi/release/libitron.a(core-d049573bc16596f9.core.5587a85061e7188a-cgu.0.rcgu.o)
                0x0000000000112794                core::net::parser::<impl core::net::ip_addr::Ipv4Addr>::parse_ascii
 .text._ZN4core3net6parser85_$LT$impl$u20$core..str..traits..FromStr$u20$for$u20$core..net..ip_addr..Ipv4Addr$GT$8from_str17hc3217d4e0e33b7d5E
                0x0000000000112830       0x9c ./gen/../tecsrustUART/target/armv7a-none-eabi/release/libitron.a(core-d049573bc16596f9.core.5587a85061e7188a-cgu.0.rcgu.o)
                0x0000000000112830                core::net::parser::<impl core::str::traits::FromStr for core::net::ip_addr::Ipv4Addr>::from_str
 .text._ZN4core3net6parser46_$LT$impl$u20$core..net..ip_addr..Ipv6Addr$GT$11parse_ascii17h767d275eb73823beE
                0x00000000001128cc       0x8c ./gen/../tecsrustUART/target/armv7a-none-eabi/release/libitron.a(core-d049573bc16596f9.core.5587a85061e7188a-cgu.0.rcgu.o)
                0x00000000001128cc                core::net::parser::<impl core::net::ip_addr::Ipv6Addr>::parse_ascii
 .text._ZN4core3net6parser85_$LT$impl$u20$core..str..traits..FromStr$u20$for$u20$core..net..ip_addr..Ipv6Addr$GT$8from_str17h685b7483d3d506d7E
                0x0000000000112958       0x8c ./gen/../tecsrustUART/target/armv7a-none-eabi/release/libitron.a(core-d049573bc16596f9.core.5587a85061e7188a-cgu.0.rcgu.o)
                0x0000000000112958                core::net::parser::<impl core::str::traits::FromStr for core::net::ip_addr::Ipv6Addr>::from_str
 .text._ZN4core3net6parser54_$LT$impl$u20$core..net..socket_addr..SocketAddrV4$GT$11parse_ascii17hc07de5cf09e25fb1E
                0x00000000001129e4       0xfc ./gen/../tecsrustUART/target/armv7a-none-eabi/release/libitron.a(core-d049573bc16596f9.core.5587a85061e7188a-cgu.0.rcgu.o)
                0x00000000001129e4                core::net::parser::<impl core::net::socket_addr::SocketAddrV4>::parse_ascii
 .text._ZN4core3net6parser93_$LT$impl$u20$core..str..traits..FromStr$u20$for$u20$core..net..socket_addr..SocketAddrV4$GT$8from_str17h5883a36bbe26488dE
                0x0000000000112ae0       0xfc ./gen/../tecsrustUART/target/armv7a-none-eabi/release/libitron.a(core-d049573bc16596f9.core.5587a85061e7188a-cgu.0.rcgu.o)
                0x0000000000112ae0                core::net::parser::<impl core::str::traits::FromStr for core::net::socket_addr::SocketAddrV4>::from_str
 .text._ZN4core3net6parser54_$LT$impl$u20$core..net..socket_addr..SocketAddrV6$GT$11parse_ascii17hbe6498756ef255a7E
                0x0000000000112bdc       0x7c ./gen/../tecsrustUART/target/armv7a-none-eabi/release/libitron.a(core-d049573bc16596f9.core.5587a85061e7188a-cgu.0.rcgu.o)
                0x0000000000112bdc                core::net::parser::<impl core::net::socket_addr::SocketAddrV6>::parse_ascii
 .text._ZN4core3net6parser93_$LT$impl$u20$core..str..traits..FromStr$u20$for$u20$core..net..socket_addr..SocketAddrV6$GT$8from_str17hf8a18b6a5bf3759eE
                0x0000000000112c58       0x7c ./gen/../tecsrustUART/target/armv7a-none-eabi/release/libitron.a(core-d049573bc16596f9.core.5587a85061e7188a-cgu.0.rcgu.o)
                0x0000000000112c58                core::net::parser::<impl core::str::traits::FromStr for core::net::socket_addr::SocketAddrV6>::from_str
 .text._ZN4core3net6parser52_$LT$impl$u20$core..net..socket_addr..SocketAddr$GT$11parse_ascii17h32c0686e61a62a97E
                0x0000000000112cd4      0x18c ./gen/../tecsrustUART/target/armv7a-none-eabi/release/libitron.a(core-d049573bc16596f9.core.5587a85061e7188a-cgu.0.rcgu.o)
                0x0000000000112cd4                core::net::parser::<impl core::net::socket_addr::SocketAddr>::parse_ascii
 .text._ZN4core3net6parser91_$LT$impl$u20$core..str..traits..FromStr$u20$for$u20$core..net..socket_addr..SocketAddr$GT$8from_str17he89fdbe831fc4256E
                0x0000000000112e60       0x10 ./gen/../tecsrustUART/target/armv7a-none-eabi/release/libitron.a(core-d049573bc16596f9.core.5587a85061e7188a-cgu.0.rcgu.o)
                0x0000000000112e60                core::net::parser::<impl core::str::traits::FromStr for core::net::socket_addr::SocketAddr>::from_str
 .text._ZN72_$LT$core..net..parser..AddrParseError$u20$as$u20$core..fmt..Display$GT$3fmt17hd7f7df04664d2864E
                0x0000000000112e70       0x38 ./gen/../tecsrustUART/target/armv7a-none-eabi/release/libitron.a(core-d049573bc16596f9.core.5587a85061e7188a-cgu.0.rcgu.o)
                0x0000000000112e70                <core::net::parser::AddrParseError as core::fmt::Display>::fmt
 .text._ZN73_$LT$core..net..socket_addr..SocketAddr$u20$as$u20$core..fmt..Display$GT$3fmt17hd0e981e04411525aE
                0x0000000000112ea8       0x2c ./gen/../tecsrustUART/target/armv7a-none-eabi/release/libitron.a(core-d049573bc16596f9.core.5587a85061e7188a-cgu.0.rcgu.o)
                0x0000000000112ea8                <core::net::socket_addr::SocketAddr as core::fmt::Display>::fmt
 .text._ZN71_$LT$core..net..socket_addr..SocketAddr$u20$as$u20$core..fmt..Debug$GT$3fmt17hd95cf7ae4353c951E
                0x0000000000112ed4       0x2c ./gen/../tecsrustUART/target/armv7a-none-eabi/release/libitron.a(core-d049573bc16596f9.core.5587a85061e7188a-cgu.0.rcgu.o)
                0x0000000000112ed4                <core::net::socket_addr::SocketAddr as core::fmt::Debug>::fmt
 .text._ZN75_$LT$core..net..socket_addr..SocketAddrV4$u20$as$u20$core..fmt..Display$GT$3fmt17hb358e369cb8dcc74E
                0x0000000000112f00      0x16c ./gen/../tecsrustUART/target/armv7a-none-eabi/release/libitron.a(core-d049573bc16596f9.core.5587a85061e7188a-cgu.0.rcgu.o)
                0x0000000000112f00                <core::net::socket_addr::SocketAddrV4 as core::fmt::Display>::fmt
 .text._ZN73_$LT$core..net..socket_addr..SocketAddrV4$u20$as$u20$core..fmt..Debug$GT$3fmt17h47d2c03dbc6abbf5E
                0x000000000011306c       0x10 ./gen/../tecsrustUART/target/armv7a-none-eabi/release/libitron.a(core-d049573bc16596f9.core.5587a85061e7188a-cgu.0.rcgu.o)
                0x000000000011306c                <core::net::socket_addr::SocketAddrV4 as core::fmt::Debug>::fmt
 .text._ZN75_$LT$core..net..socket_addr..SocketAddrV6$u20$as$u20$core..fmt..Display$GT$3fmt17hb242d5ced67c2003E
                0x000000000011307c      0x298 ./gen/../tecsrustUART/target/armv7a-none-eabi/release/libitron.a(core-d049573bc16596f9.core.5587a85061e7188a-cgu.0.rcgu.o)
                0x000000000011307c                <core::net::socket_addr::SocketAddrV6 as core::fmt::Display>::fmt
 .text._ZN73_$LT$core..net..socket_addr..SocketAddrV6$u20$as$u20$core..fmt..Debug$GT$3fmt17h008793ff64f0e572E
                0x0000000000113314       0x10 ./gen/../tecsrustUART/target/armv7a-none-eabi/release/libitron.a(core-d049573bc16596f9.core.5587a85061e7188a-cgu.0.rcgu.o)
                0x0000000000113314                <core::net::socket_addr::SocketAddrV6 as core::fmt::Debug>::fmt
 .text.unlikely._ZN4core6option13unwrap_failed17h39a76a4d9e444e97E
                0x0000000000113324       0x1c ./gen/../tecsrustUART/target/armv7a-none-eabi/release/libitron.a(core-d049573bc16596f9.core.5587a85061e7188a-cgu.0.rcgu.o)
                0x0000000000113324                core::option::unwrap_failed
 .text.unlikely._ZN4core6option13expect_failed17hf032828b69e8f9cdE
                0x0000000000113340       0x58 ./gen/../tecsrustUART/target/armv7a-none-eabi/release/libitron.a(core-d049573bc16596f9.core.5587a85061e7188a-cgu.0.rcgu.o)
                0x0000000000113340                core::option::expect_failed
 .text._ZN73_$LT$core..panic..panic_info..PanicInfo$u20$as$u20$core..fmt..Display$GT$3fmt17he8ae0930573845dbE
                0x0000000000113398       0xfc ./gen/../tecsrustUART/target/armv7a-none-eabi/release/libitron.a(core-d049573bc16596f9.core.5587a85061e7188a-cgu.0.rcgu.o)
                0x0000000000113398                <core::panic::panic_info::PanicInfo as core::fmt::Display>::fmt
 .text.unlikely._ZN4core9panicking9panic_fmt17h5145975cf535bc42E
                0x0000000000113494       0x20 ./gen/../tecsrustUART/target/armv7a-none-eabi/release/libitron.a(core-d049573bc16596f9.core.5587a85061e7188a-cgu.0.rcgu.o)
                0x0000000000113494                core::panicking::panic_fmt
 .text.unlikely._ZN4core9panicking18panic_nounwind_fmt17h7e174a309b689b0fE
                0x00000000001134b4       0x38 ./gen/../tecsrustUART/target/armv7a-none-eabi/release/libitron.a(core-d049573bc16596f9.core.5587a85061e7188a-cgu.0.rcgu.o)
                0x00000000001134b4                core::panicking::panic_nounwind_fmt
 .text.unlikely._ZN4core9panicking5panic17h04eb6169f90051c3E
                0x00000000001134ec       0x44 ./gen/../tecsrustUART/target/armv7a-none-eabi/release/libitron.a(core-d049573bc16596f9.core.5587a85061e7188a-cgu.0.rcgu.o)
                0x00000000001134ec                core::panicking::panic
 .text.unlikely._ZN4core9panicking14panic_nounwind17hb8efc6a66a7c1fb5E
                0x0000000000113530       0x48 ./gen/../tecsrustUART/target/armv7a-none-eabi/release/libitron.a(core-d049573bc16596f9.core.5587a85061e7188a-cgu.0.rcgu.o)
                0x0000000000113530                core::panicking::panic_nounwind
 .text.unlikely._ZN4core9panicking26panic_nounwind_nobacktrace17hcf6b6f7ce89f1dabE
                0x0000000000113578       0x48 ./gen/../tecsrustUART/target/armv7a-none-eabi/release/libitron.a(core-d049573bc16596f9.core.5587a85061e7188a-cgu.0.rcgu.o)
                0x0000000000113578                core::panicking::panic_nounwind_nobacktrace
 .text.unlikely._ZN4core9panicking14panic_explicit17he7bebe483a3bfe34E
                0x00000000001135c0       0x58 ./gen/../tecsrustUART/target/armv7a-none-eabi/release/libitron.a(core-d049573bc16596f9.core.5587a85061e7188a-cgu.0.rcgu.o)
                0x00000000001135c0                core::panicking::panic_explicit
 .text.unlikely._ZN4core9panicking18panic_bounds_check17he2f51b500041724aE
                0x0000000000113618       0x64 ./gen/../tecsrustUART/target/armv7a-none-eabi/release/libitron.a(core-d049573bc16596f9.core.5587a85061e7188a-cgu.0.rcgu.o)
                0x0000000000113618                core::panicking::panic_bounds_check
 .text.unlikely._ZN4core9panicking36panic_misaligned_pointer_dereference17hca8f56f08697e9a1E
                0x000000000011367c       0x6c ./gen/../tecsrustUART/target/armv7a-none-eabi/release/libitron.a(core-d049573bc16596f9.core.5587a85061e7188a-cgu.0.rcgu.o)
                0x000000000011367c                core::panicking::panic_misaligned_pointer_dereference
 .text.unlikely._ZN4core9panicking30panic_null_pointer_dereference17hd07e38dada2babd1E
                0x00000000001136e8       0x40 ./gen/../tecsrustUART/target/armv7a-none-eabi/release/libitron.a(core-d049573bc16596f9.core.5587a85061e7188a-cgu.0.rcgu.o)
                0x00000000001136e8                core::panicking::panic_null_pointer_dereference
 .text.unlikely._ZN4core9panicking19panic_cannot_unwind17h88003aad7d959a86E
                0x0000000000113728       0x18 ./gen/../tecsrustUART/target/armv7a-none-eabi/release/libitron.a(core-d049573bc16596f9.core.5587a85061e7188a-cgu.0.rcgu.o)
                0x0000000000113728                core::panicking::panic_cannot_unwind
 .text.unlikely._ZN4core9panicking16panic_in_cleanup17he6ef00938a5a6327E
                0x0000000000113740       0x18 ./gen/../tecsrustUART/target/armv7a-none-eabi/release/libitron.a(core-d049573bc16596f9.core.5587a85061e7188a-cgu.0.rcgu.o)
                0x0000000000113740                core::panicking::panic_in_cleanup
 .text.unlikely._ZN4core9panicking15const_panic_fmt17h6a5d3cae6d10461cE
                0x0000000000113758       0x7c ./gen/../tecsrustUART/target/armv7a-none-eabi/release/libitron.a(core-d049573bc16596f9.core.5587a85061e7188a-cgu.0.rcgu.o)
                0x0000000000113758                core::panicking::const_panic_fmt
 .text.unlikely._ZN4core9panicking13assert_failed17h2f1d8849fc674a9bE
                0x00000000001137d4       0x30 ./gen/../tecsrustUART/target/armv7a-none-eabi/release/libitron.a(core-d049573bc16596f9.core.5587a85061e7188a-cgu.0.rcgu.o)
                0x00000000001137d4                core::panicking::assert_failed
 .text.unlikely._ZN4core9panicking13assert_failed17h8a42116d81ae2397E
                0x0000000000113804       0x30 ./gen/../tecsrustUART/target/armv7a-none-eabi/release/libitron.a(core-d049573bc16596f9.core.5587a85061e7188a-cgu.0.rcgu.o)
                0x0000000000113804                core::panicking::assert_failed
 .text._ZN84_$LT$core..panicking..assert_matches_failed..Pattern$u20$as$u20$core..fmt..Debug$GT$3fmt17h3bf79b8a4bc8fc51E
                0x0000000000113834       0x24 ./gen/../tecsrustUART/target/armv7a-none-eabi/release/libitron.a(core-d049573bc16596f9.core.5587a85061e7188a-cgu.0.rcgu.o)
                0x0000000000113834                <core::panicking::assert_matches_failed::Pattern as core::fmt::Debug>::fmt
 .text.unlikely._ZN4core9panicking19assert_failed_inner17h1f0479933a2bc628E
                0x0000000000113858      0x120 ./gen/../tecsrustUART/target/armv7a-none-eabi/release/libitron.a(core-d049573bc16596f9.core.5587a85061e7188a-cgu.0.rcgu.o)
                0x0000000000113858                core::panicking::assert_failed_inner
 .text._ZN48_$LT$char$u20$as$u20$core..pat..RangePattern$GT$7sub_one17hc1333cb071cfc1b6E
                0x0000000000113978       0x58 ./gen/../tecsrustUART/target/armv7a-none-eabi/release/libitron.a(core-d049573bc16596f9.core.5587a85061e7188a-cgu.0.rcgu.o)
                0x0000000000113978                <char as core::pat::RangePattern>::sub_one
 .text.unlikely._ZN4core6result13unwrap_failed17h238a41f9432ebe61E
                0x00000000001139d0       0x6c ./gen/../tecsrustUART/target/armv7a-none-eabi/release/libitron.a(core-d049573bc16596f9.core.5587a85061e7188a-cgu.0.rcgu.o)
                0x00000000001139d0                core::result::unwrap_failed
 .text._ZN67_$LT$core..sync..atomic..AtomicBool$u20$as$u20$core..fmt..Debug$GT$3fmt17h36e87f0defe65ad8E
                0x0000000000113a3c       0x48 ./gen/../tecsrustUART/target/armv7a-none-eabi/release/libitron.a(core-d049573bc16596f9.core.5587a85061e7188a-cgu.0.rcgu.o)
                0x0000000000113a3c                <core::sync::atomic::AtomicBool as core::fmt::Debug>::fmt
 .text._ZN4core3fmt8builders10PadAdapter4wrap17h8cec362b75ec2f49E
                0x0000000000113a84       0x38 ./gen/../tecsrustUART/target/armv7a-none-eabi/release/libitron.a(core-d049573bc16596f9.core.5587a85061e7188a-cgu.0.rcgu.o)
                0x0000000000113a84                core::fmt::builders::PadAdapter::wrap
 .text._ZN68_$LT$core..fmt..builders..PadAdapter$u20$as$u20$core..fmt..Write$GT$9write_str17hc81ad4e78c0c990cE
                0x0000000000113abc      0x270 ./gen/../tecsrustUART/target/armv7a-none-eabi/release/libitron.a(core-d049573bc16596f9.core.5587a85061e7188a-cgu.0.rcgu.o)
                0x0000000000113abc                <core::fmt::builders::PadAdapter as core::fmt::Write>::write_str
 .text._ZN68_$LT$core..fmt..builders..PadAdapter$u20$as$u20$core..fmt..Write$GT$10write_char17h121f3a024053ccfbE
                0x0000000000113d2c       0x6c ./gen/../tecsrustUART/target/armv7a-none-eabi/release/libitron.a(core-d049573bc16596f9.core.5587a85061e7188a-cgu.0.rcgu.o)
                0x0000000000113d2c                <core::fmt::builders::PadAdapter as core::fmt::Write>::write_char
 .text._ZN4core3fmt8builders11DebugStruct5field17h118827344b19fbe7E
                0x0000000000113d98      0x1d0 ./gen/../tecsrustUART/target/armv7a-none-eabi/release/libitron.a(core-d049573bc16596f9.core.5587a85061e7188a-cgu.0.rcgu.o)
                0x0000000000113d98                core::fmt::builders::DebugStruct::field
 .text._ZN4core3fmt8builders11DebugStruct21finish_non_exhaustive17ha59f74934d70120cE
                0x0000000000113f68       0xd4 ./gen/../tecsrustUART/target/armv7a-none-eabi/release/libitron.a(core-d049573bc16596f9.core.5587a85061e7188a-cgu.0.rcgu.o)
                0x0000000000113f68                core::fmt::builders::DebugStruct::finish_non_exhaustive
 .text._ZN4core3fmt8builders11DebugStruct6finish17h62dcffc385683e70E
                0x000000000011403c       0x84 ./gen/../tecsrustUART/target/armv7a-none-eabi/release/libitron.a(core-d049573bc16596f9.core.5587a85061e7188a-cgu.0.rcgu.o)
                0x000000000011403c                core::fmt::builders::DebugStruct::finish
 .text._ZN4core3fmt8builders10DebugTuple5field17hd25f2ea26ee9220fE
                0x00000000001140c0      0x184 ./gen/../tecsrustUART/target/armv7a-none-eabi/release/libitron.a(core-d049573bc16596f9.core.5587a85061e7188a-cgu.0.rcgu.o)
                0x00000000001140c0                core::fmt::builders::DebugTuple::field
 .text._ZN4core3fmt8builders10DebugTuple21finish_non_exhaustive17hbea2c5cc6d18b83cE
                0x0000000000114244       0xe8 ./gen/../tecsrustUART/target/armv7a-none-eabi/release/libitron.a(core-d049573bc16596f9.core.5587a85061e7188a-cgu.0.rcgu.o)
                0x0000000000114244                core::fmt::builders::DebugTuple::finish_non_exhaustive
 .text._ZN4core3fmt8builders10DebugTuple6finish17h75fa298d273b9537E
                0x000000000011432c       0xb8 ./gen/../tecsrustUART/target/armv7a-none-eabi/release/libitron.a(core-d049573bc16596f9.core.5587a85061e7188a-cgu.0.rcgu.o)
                0x000000000011432c                core::fmt::builders::DebugTuple::finish
 .text._ZN4core3fmt8builders8DebugSet5entry17h6f9f49712cdf1c8aE
                0x00000000001143e4      0x174 ./gen/../tecsrustUART/target/armv7a-none-eabi/release/libitron.a(core-d049573bc16596f9.core.5587a85061e7188a-cgu.0.rcgu.o)
                0x00000000001143e4                core::fmt::builders::DebugSet::entry
                0x00000000001143e4                core::fmt::builders::DebugList::entry
 .text._ZN4core3fmt8builders8DebugSet21finish_non_exhaustive17h056b5628e91579d3E
                0x0000000000114558       0xd4 ./gen/../tecsrustUART/target/armv7a-none-eabi/release/libitron.a(core-d049573bc16596f9.core.5587a85061e7188a-cgu.0.rcgu.o)
                0x0000000000114558                core::fmt::builders::DebugSet::finish_non_exhaustive
 .text._ZN4core3fmt8builders8DebugSet6finish17hb775269289642050E
                0x000000000011462c       0x40 ./gen/../tecsrustUART/target/armv7a-none-eabi/release/libitron.a(core-d049573bc16596f9.core.5587a85061e7188a-cgu.0.rcgu.o)
                0x000000000011462c                core::fmt::builders::DebugSet::finish
 .text._ZN4core3fmt8builders9DebugList21finish_non_exhaustive17h0964252c95243519E
                0x000000000011466c       0xe4 ./gen/../tecsrustUART/target/armv7a-none-eabi/release/libitron.a(core-d049573bc16596f9.core.5587a85061e7188a-cgu.0.rcgu.o)
                0x000000000011466c                core::fmt::builders::DebugList::finish_non_exhaustive
 .text._ZN4core3fmt8builders9DebugList6finish17h95901bb8c72ebeaaE
                0x0000000000114750       0x40 ./gen/../tecsrustUART/target/armv7a-none-eabi/release/libitron.a(core-d049573bc16596f9.core.5587a85061e7188a-cgu.0.rcgu.o)
                0x0000000000114750                core::fmt::builders::DebugList::finish
 .text._ZN4core3fmt8builders8DebugMap5entry17hb5fe3985090a797eE
                0x0000000000114790      0x134 ./gen/../tecsrustUART/target/armv7a-none-eabi/release/libitron.a(core-d049573bc16596f9.core.5587a85061e7188a-cgu.0.rcgu.o)
                0x0000000000114790                core::fmt::builders::DebugMap::entry
 .text._ZN4core3fmt8builders8DebugMap3key17he972b5db7c272a06E
                0x00000000001148c4      0x204 ./gen/../tecsrustUART/target/armv7a-none-eabi/release/libitron.a(core-d049573bc16596f9.core.5587a85061e7188a-cgu.0.rcgu.o)
                0x00000000001148c4                core::fmt::builders::DebugMap::key
 .text._ZN4core3fmt8builders8DebugMap5value17hc3fc83e3ff16426eE
                0x0000000000114ac8      0x158 ./gen/../tecsrustUART/target/armv7a-none-eabi/release/libitron.a(core-d049573bc16596f9.core.5587a85061e7188a-cgu.0.rcgu.o)
                0x0000000000114ac8                core::fmt::builders::DebugMap::value
 .text._ZN4core3fmt8builders8DebugMap21finish_non_exhaustive17h1d063c8fc17c4fa1E
                0x0000000000114c20      0x118 ./gen/../tecsrustUART/target/armv7a-none-eabi/release/libitron.a(core-d049573bc16596f9.core.5587a85061e7188a-cgu.0.rcgu.o)
                0x0000000000114c20                core::fmt::builders::DebugMap::finish_non_exhaustive
 .text._ZN4core3fmt8builders8DebugMap6finish17h87c976a15d36c1beE
                0x0000000000114d38       0x8c ./gen/../tecsrustUART/target/armv7a-none-eabi/release/libitron.a(core-d049573bc16596f9.core.5587a85061e7188a-cgu.0.rcgu.o)
                0x0000000000114d38                core::fmt::builders::DebugMap::finish
 .text._ZN4core3fmt5float29float_to_decimal_common_exact17h7d85dbe2887defb2E
                0x0000000000114dc4      0x354 ./gen/../tecsrustUART/target/armv7a-none-eabi/release/libitron.a(core-d049573bc16596f9.core.5587a85061e7188a-cgu.0.rcgu.o)
 .text._ZN4core3fmt5float29float_to_decimal_common_exact17hb8ecc3a298064d1fE
                0x0000000000115118      0x318 ./gen/../tecsrustUART/target/armv7a-none-eabi/release/libitron.a(core-d049573bc16596f9.core.5587a85061e7188a-cgu.0.rcgu.o)
 .text._ZN4core3fmt5float29float_to_decimal_common_exact17hc4ee8b5197ebb838E
                0x0000000000115430      0x328 ./gen/../tecsrustUART/target/armv7a-none-eabi/release/libitron.a(core-d049573bc16596f9.core.5587a85061e7188a-cgu.0.rcgu.o)
 .text._ZN4core3fmt5float32float_to_decimal_common_shortest17h57f1a97492206944E
                0x0000000000115758      0x258 ./gen/../tecsrustUART/target/armv7a-none-eabi/release/libitron.a(core-d049573bc16596f9.core.5587a85061e7188a-cgu.0.rcgu.o)
 .text._ZN4core3fmt5float32float_to_decimal_common_shortest17hd1530ac16dbab458E
                0x00000000001159b0      0x29c ./gen/../tecsrustUART/target/armv7a-none-eabi/release/libitron.a(core-d049573bc16596f9.core.5587a85061e7188a-cgu.0.rcgu.o)
 .text._ZN4core3fmt5float32float_to_decimal_common_shortest17hf774af481b6739e1E
                0x0000000000115c4c      0x268 ./gen/../tecsrustUART/target/armv7a-none-eabi/release/libitron.a(core-d049573bc16596f9.core.5587a85061e7188a-cgu.0.rcgu.o)
 .text._ZN4core3fmt5float33float_to_exponential_common_exact17h475946fbe25c96b4E
                0x0000000000115eb4      0x350 ./gen/../tecsrustUART/target/armv7a-none-eabi/release/libitron.a(core-d049573bc16596f9.core.5587a85061e7188a-cgu.0.rcgu.o)